Archive member included to satisfy reference by file (symbol)

c:/st/stm32cubeide_1.8.0/stm32cubeide/plugins/com.st.stm32cube.ide.mcu.externaltools.gnu-tools-for-stm32.9-2020-q2-update.win32_2.0.0.202105311346/tools/bin/../lib/gcc/arm-none-eabi/9.3.1/../../../../arm-none-eabi/lib/thumb/v7e-m+fp/hard\libc_nano.a(lib_a-errno.o)
                              ./Core/Src/syscalls.o (__errno)
c:/st/stm32cubeide_1.8.0/stm32cubeide/plugins/com.st.stm32cube.ide.mcu.externaltools.gnu-tools-for-stm32.9-2020-q2-update.win32_2.0.0.202105311346/tools/bin/../lib/gcc/arm-none-eabi/9.3.1/../../../../arm-none-eabi/lib/thumb/v7e-m+fp/hard\libc_nano.a(lib_a-exit.o)
                              c:/st/stm32cubeide_1.8.0/stm32cubeide/plugins/com.st.stm32cube.ide.mcu.externaltools.gnu-tools-for-stm32.9-2020-q2-update.win32_2.0.0.202105311346/tools/bin/../lib/gcc/arm-none-eabi/9.3.1/../../../../arm-none-eabi/lib/thumb/v7e-m+fp/hard/crt0.o (exit)
c:/st/stm32cubeide_1.8.0/stm32cubeide/plugins/com.st.stm32cube.ide.mcu.externaltools.gnu-tools-for-stm32.9-2020-q2-update.win32_2.0.0.202105311346/tools/bin/../lib/gcc/arm-none-eabi/9.3.1/../../../../arm-none-eabi/lib/thumb/v7e-m+fp/hard\libc_nano.a(lib_a-impure.o)
                              c:/st/stm32cubeide_1.8.0/stm32cubeide/plugins/com.st.stm32cube.ide.mcu.externaltools.gnu-tools-for-stm32.9-2020-q2-update.win32_2.0.0.202105311346/tools/bin/../lib/gcc/arm-none-eabi/9.3.1/../../../../arm-none-eabi/lib/thumb/v7e-m+fp/hard\libc_nano.a(lib_a-exit.o) (_global_impure_ptr)
c:/st/stm32cubeide_1.8.0/stm32cubeide/plugins/com.st.stm32cube.ide.mcu.externaltools.gnu-tools-for-stm32.9-2020-q2-update.win32_2.0.0.202105311346/tools/bin/../lib/gcc/arm-none-eabi/9.3.1/../../../../arm-none-eabi/lib/thumb/v7e-m+fp/hard\libc_nano.a(lib_a-init.o)
                              c:/st/stm32cubeide_1.8.0/stm32cubeide/plugins/com.st.stm32cube.ide.mcu.externaltools.gnu-tools-for-stm32.9-2020-q2-update.win32_2.0.0.202105311346/tools/bin/../lib/gcc/arm-none-eabi/9.3.1/../../../../arm-none-eabi/lib/thumb/v7e-m+fp/hard/crt0.o (__libc_init_array)
c:/st/stm32cubeide_1.8.0/stm32cubeide/plugins/com.st.stm32cube.ide.mcu.externaltools.gnu-tools-for-stm32.9-2020-q2-update.win32_2.0.0.202105311346/tools/bin/../lib/gcc/arm-none-eabi/9.3.1/../../../../arm-none-eabi/lib/thumb/v7e-m+fp/hard\libc_nano.a(lib_a-memset.o)
                              c:/st/stm32cubeide_1.8.0/stm32cubeide/plugins/com.st.stm32cube.ide.mcu.externaltools.gnu-tools-for-stm32.9-2020-q2-update.win32_2.0.0.202105311346/tools/bin/../lib/gcc/arm-none-eabi/9.3.1/../../../../arm-none-eabi/lib/thumb/v7e-m+fp/hard/crt0.o (memset)
c:/st/stm32cubeide_1.8.0/stm32cubeide/plugins/com.st.stm32cube.ide.mcu.externaltools.gnu-tools-for-stm32.9-2020-q2-update.win32_2.0.0.202105311346/tools/bin/../lib/gcc/arm-none-eabi/9.3.1/../../../../arm-none-eabi/lib/thumb/v7e-m+fp/hard\libc_nano.a(lib_a-sprintf.o)
                              ./Core/Src/main.o (sprintf)
c:/st/stm32cubeide_1.8.0/stm32cubeide/plugins/com.st.stm32cube.ide.mcu.externaltools.gnu-tools-for-stm32.9-2020-q2-update.win32_2.0.0.202105311346/tools/bin/../lib/gcc/arm-none-eabi/9.3.1/../../../../arm-none-eabi/lib/thumb/v7e-m+fp/hard\libc_nano.a(lib_a-strlen.o)
                              ./Core/Src/main.o (strlen)
c:/st/stm32cubeide_1.8.0/stm32cubeide/plugins/com.st.stm32cube.ide.mcu.externaltools.gnu-tools-for-stm32.9-2020-q2-update.win32_2.0.0.202105311346/tools/bin/../lib/gcc/arm-none-eabi/9.3.1/../../../../arm-none-eabi/lib/thumb/v7e-m+fp/hard\libc_nano.a(lib_a-nano-svfprintf.o)
                              c:/st/stm32cubeide_1.8.0/stm32cubeide/plugins/com.st.stm32cube.ide.mcu.externaltools.gnu-tools-for-stm32.9-2020-q2-update.win32_2.0.0.202105311346/tools/bin/../lib/gcc/arm-none-eabi/9.3.1/../../../../arm-none-eabi/lib/thumb/v7e-m+fp/hard\libc_nano.a(lib_a-sprintf.o) (_svfprintf_r)
c:/st/stm32cubeide_1.8.0/stm32cubeide/plugins/com.st.stm32cube.ide.mcu.externaltools.gnu-tools-for-stm32.9-2020-q2-update.win32_2.0.0.202105311346/tools/bin/../lib/gcc/arm-none-eabi/9.3.1/../../../../arm-none-eabi/lib/thumb/v7e-m+fp/hard\libc_nano.a(lib_a-nano-vfprintf_i.o)
                              c:/st/stm32cubeide_1.8.0/stm32cubeide/plugins/com.st.stm32cube.ide.mcu.externaltools.gnu-tools-for-stm32.9-2020-q2-update.win32_2.0.0.202105311346/tools/bin/../lib/gcc/arm-none-eabi/9.3.1/../../../../arm-none-eabi/lib/thumb/v7e-m+fp/hard\libc_nano.a(lib_a-nano-svfprintf.o) (_printf_i)
c:/st/stm32cubeide_1.8.0/stm32cubeide/plugins/com.st.stm32cube.ide.mcu.externaltools.gnu-tools-for-stm32.9-2020-q2-update.win32_2.0.0.202105311346/tools/bin/../lib/gcc/arm-none-eabi/9.3.1/../../../../arm-none-eabi/lib/thumb/v7e-m+fp/hard\libc_nano.a(lib_a-memchr.o)
[...]
Memory Configuration

Name             Origin             Length             Attributes
RAM              0x0000000020000000 0x0000000000018000 xrw
RAM2             0x0000000010000000 0x0000000000008000 xrw
FLASH            0x0000000008000000 0x0000000000100000 xr
*default*        0x0000000000000000 0xffffffffffffffff

Linker script and memory map

LOAD c:/st/stm32cubeide_1.8.0/stm32cubeide/plugins/com.st.stm32cube.ide.mcu.externaltools.gnu-tools-for-stm32.9-2020-q2-update.win32_2.0.0.202105311346/tools/bin/../lib/gcc/arm-none-eabi/9.3.1/thumb/v7e-m+fp/hard/crti.o
LOAD c:/st/stm32cubeide_1.8.0/stm32cubeide/plugins/com.st.stm32cube.ide.mcu.externaltools.gnu-tools-for-stm32.9-2020-q2-update.win32_2.0.0.202105311346/tools/bin/../lib/gcc/arm-none-eabi/9.3.1/thumb/v7e-m+fp/hard/crtbegin.o
LOAD c:/st/stm32cubeide_1.8.0/stm32cubeide/plugins/com.st.stm32cube.ide.mcu.externaltools.gnu-tools-for-stm32.9-2020-q2-update.win32_2.0.0.202105311346/tools/bin/../lib/gcc/arm-none-eabi/9.3.1/../../../../arm-none-eabi/lib/thumb/v7e-m+fp/hard/crt0.o
LOAD ./Core/Src/main.o
LOAD ./Core/Src/stm32l4xx_hal_msp.o
LOAD ./Core/Src/stm32l4xx_it.o
LOAD ./Core/Src/stm32l4xx_nucleo_bus.o
LOAD ./Core/Src/syscalls.o
LOAD ./Core/Src/sysmem.o
LOAD ./Core/Src/system_stm32l4xx.o
LOAD ./Core/Startup/startup_stm32l476rgtx.o
LOAD ./Drivers/BSP/Components/hts221/hts221.o
LOAD ./Drivers/BSP/Components/hts221/hts221_reg.o
LOAD ./Drivers/BSP/Components/lps22hb/lps22hb.o
LOAD ./Drivers/BSP/Components/lps22hb/lps22hb_reg.o
LOAD ./Drivers/BSP/Components/lsm303agr/lsm303agr.o
LOAD ./Drivers/BSP/Components/lsm303agr/lsm303agr_reg.o
LOAD ./Drivers/BSP/Components/lsm6dsl/lsm6dsl.o
LOAD ./Drivers/BSP/Components/lsm6dsl/lsm6dsl_reg.o
LOAD ./Drivers/BSP/IKS01A2/iks01a2_env_sensors.o
LOAD ./Drivers/BSP/IKS01A2/iks01a2_env_sensors_ex.o
LOAD ./Drivers/BSP/IKS01A2/iks01a2_motion_sensors.o
LOAD ./Drivers/BSP/IKS01A2/iks01a2_motion_sensors_ex.o
LOAD ./Drivers/STM32L4xx_HAL_Driver/Src/stm32l4xx_hal.o
LOAD ./Drivers/STM32L4xx_HAL_Driver/Src/stm32l4xx_hal_cortex.o
LOAD ./Drivers/STM32L4xx_HAL_Driver/Src/stm32l4xx_hal_dma.o
LOAD ./Drivers/STM32L4xx_HAL_Driver/Src/stm32l4xx_hal_dma_ex.o
LOAD ./Drivers/STM32L4xx_HAL_Driver/Src/stm32l4xx_hal_exti.o
LOAD ./Drivers/STM32L4xx_HAL_Driver/Src/stm32l4xx_hal_flash.o
LOAD ./Drivers/STM32L4xx_HAL_Driver/Src/stm32l4xx_hal_flash_ex.o
LOAD ./Drivers/STM32L4xx_HAL_Driver/Src/stm32l4xx_hal_flash_ramfunc.o
LOAD ./Drivers/STM32L4xx_HAL_Driver/Src/stm32l4xx_hal_gpio.o
LOAD ./Drivers/STM32L4xx_HAL_Driver/Src/stm32l4xx_hal_i2c.o
LOAD ./Drivers/STM32L4xx_HAL_Driver/Src/stm32l4xx_hal_i2c_ex.o
LOAD ./Drivers/STM32L4xx_HAL_Driver/Src/stm32l4xx_hal_pwr.o
LOAD ./Drivers/STM32L4xx_HAL_Driver/Src/stm32l4xx_hal_pwr_ex.o
LOAD ./Drivers/STM32L4xx_HAL_Driver/Src/stm32l4xx_hal_rcc.o
LOAD ./Drivers/STM32L4xx_HAL_Driver/Src/stm32l4xx_hal_rcc_ex.o
LOAD ./Drivers/STM32L4xx_HAL_Driver/Src/stm32l4xx_hal_tim.o
LOAD ./Drivers/STM32L4xx_HAL_Driver/Src/stm32l4xx_hal_tim_ex.o
LOAD ./Drivers/STM32L4xx_HAL_Driver/Src/stm32l4xx_hal_uart.o
LOAD ./Drivers/STM32L4xx_HAL_Driver/Src/stm32l4xx_hal_uart_ex.o
START GROUP
LOAD c:/st/stm32cubeide_1.8.0/stm32cubeide/plugins/com.st.stm32cube.ide.mcu.externaltools.gnu-tools-for-stm32.9-2020-q2-update.win32_2.0.0.202105311346/tools/bin/../lib/gcc/arm-none-eabi/9.3.1/../../../../arm-none-eabi/lib/thumb/v7e-m+fp/hard\libc_nano.a
LOAD c:/st/stm32cubeide_1.8.0/stm32cubeide/plugins/com.st.stm32cube.ide.mcu.externaltools.gnu-tools-for-stm32.9-2020-q2-update.win32_2.0.0.202105311346/tools/bin/../lib/gcc/arm-none-eabi/9.3.1/../../../../arm-none-eabi/lib/thumb/v7e-m+fp/hard\libm.a
END GROUP
START GROUP
LOAD c:/st/stm32cubeide_1.8.0/stm32cubeide/plugins/com.st.stm32cube.ide.mcu.externaltools.gnu-tools-for-stm32.9-2020-q2-update.win32_2.0.0.202105311346/tools/bin/../lib/gcc/arm-none-eabi/9.3.1/thumb/v7e-m+fp/hard\libgcc.a
LOAD c:/st/stm32cubeide_1.8.0/stm32cubeide/plugins/com.st.stm32cube.ide.mcu.externaltools.gnu-tools-for-stm32.9-2020-q2-update.win32_2.0.0.202105311346/tools/bin/../lib/gcc/arm-none-eabi/9.3.1/../../../../arm-none-eabi/lib/thumb/v7e-m+fp/hard\libc_nano.a
END GROUP
START GROUP
LOAD c:/st/stm32cubeide_1.8.0/stm32cubeide/plugins/com.st.stm32cube.ide.mcu.externaltools.gnu-tools-for-stm32.9-2020-q2-update.win32_2.0.0.202105311346/tools/bin/../lib/gcc/arm-none-eabi/9.3.1/thumb/v7e-m+fp/hard\libgcc.a
LOAD c:/st/stm32cubeide_1.8.0/stm32cubeide/plugins/com.st.stm32cube.ide.mcu.externaltools.gnu-tools-for-stm32.9-2020-q2-update.win32_2.0.0.202105311346/tools/bin/../lib/gcc/arm-none-eabi/9.3.1/../../../../arm-none-eabi/lib/thumb/v7e-m+fp/hard\libc_nano.a
LOAD c:/st/stm32cubeide_1.8.0/stm32cubeide/plugins/com.st.stm32cube.ide.mcu.externaltools.gnu-tools-for-stm32.9-2020-q2-update.win32_2.0.0.202105311346/tools/bin/../lib/gcc/arm-none-eabi/9.3.1/../../../../arm-none-eabi/lib/thumb/v7e-m+fp/hard\libnosys.a
END GROUP
START GROUP
LOAD c:/st/stm32cubeide_1.8.0/stm32cubeide/plugins/com.st.stm32cube.ide.mcu.externaltools.gnu-tools-for-stm32.9-2020-q2-update.win32_2.0.0.202105311346/tools/bin/../lib/gcc/arm-none-eabi/9.3.1/thumb/v7e-m+fp/hard\libgcc.a
LOAD c:/st/stm32cubeide_1.8.0/stm32cubeide/plugins/com.st.stm32cube.ide.mcu.externaltools.gnu-tools-for-stm32.9-2020-q2-update.win32_2.0.0.202105311346/tools/bin/../lib/gcc/arm-none-eabi/9.3.1/../../../../arm-none-eabi/lib/thumb/v7e-m+fp/hard\libc_nano.a
LOAD c:/st/stm32cubeide_1.8.0/stm32cubeide/plugins/com.st.stm32cube.ide.mcu.externaltools.gnu-tools-for-stm32.9-2020-q2-update.win32_2.0.0.202105311346/tools/bin/../lib/gcc/arm-none-eabi/9.3.1/../../../../arm-none-eabi/lib/thumb/v7e-m+fp/hard\libnosys.a
END GROUP
LOAD c:/st/stm32cubeide_1.8.0/stm32cubeide/plugins/com.st.stm32cube.ide.mcu.externaltools.gnu-tools-for-stm32.9-2020-q2-update.win32_2.0.0.202105311346/tools/bin/../lib/gcc/arm-none-eabi/9.3.1/thumb/v7e-m+fp/hard/crtend.o
LOAD c:/st/stm32cubeide_1.8.0/stm32cubeide/plugins/com.st.stm32cube.ide.mcu.externaltools.gnu-tools-for-stm32.9-2020-q2-update.win32_2.0.0.202105311346/tools/bin/../lib/gcc/arm-none-eabi/9.3.1/thumb/v7e-m+fp/hard/crtn.o
                0x0000000020018000                _estack = (ORIGIN (RAM) + LENGTH (RAM))
                0x0000000000000200                _Min_Heap_Size = 0x200
                0x0000000000000400                _Min_Stack_Size = 0x400

.isr_vector     0x0000000008000000      0x188
                0x0000000008000000                . = ALIGN (0x4)
 *(.isr_vector)
 .isr_vector    0x0000000008000000      0x188 ./Core/Startup/startup_stm32l476rgtx.o
                0x0000000008000000                g_pfnVectors
                0x0000000008000188                . = ALIGN (0x4)

.text           0x0000000008000190     0x9c48
                0x0000000008000190                . = ALIGN (0x4)
 *(.text)
 .text          0x0000000008000190       0x40 c:/st/stm32cubeide_1.8.0/stm32cubeide/plugins/com.st.stm32cube.ide.mcu.externaltools.gnu-tools-for-stm32.9-2020-q2-update.win32_2.0.0.202105311346/tools/bin/../lib/gcc/arm-none-eabi/9.3.1/thumb/v7e-m+fp/hard/crtbegin.o
 .text          0x00000000080001d0       0x10 c:/st/stm32cubeide_1.8.0/stm32cubeide/plugins/com.st.stm32cube.ide.mcu.externaltools.gnu-tools-for-stm32.9-2020-q2-update.win32_2.0.0.202105311346/tools/bin/../lib/gcc/arm-none-eabi/9.3.1/../../../../arm-none-eabi/lib/thumb/v7e-m+fp/hard\libc_nano.a(lib_a-strlen.o)
                0x00000000080001d0                strlen
 .text          0x00000000080001e0       0xa0 c:/st/stm32cubeide_1.8.0/stm32cubeide/plugins/com.st.stm32cube.ide.mcu.externaltools.gnu-tools-for-stm32.9-2020-q2-update.win32_2.0.0.202105311346/tools/bin/../lib/gcc/arm-none-eabi/9.3.1/../../../../arm-none-eabi/lib/thumb/v7e-m+fp/hard\libc_nano.a(lib_a-memchr.o)
                0x00000000080001e0                memchr
 .text          0x0000000008000280       0x30 c:/st/stm32cubeide_1.8.0/stm32cubeide/plugins/com.st.stm32cube.ide.mcu.externaltools.gnu-tools-for-stm32.9-2020-q2-update.win32_2.0.0.202105311346/tools/bin/../lib/gcc/arm-none-eabi/9.3.1/thumb/v7e-m+fp/hard\libgcc.a(_aeabi_uldivmod.o)
                0x0000000008000280                __aeabi_uldivmod
 .text          0x00000000080002b0      0x2c4 c:/st/stm32cubeide_1.8.0/stm32cubeide/plugins/com.st.stm32cube.ide.mcu.externaltools.gnu-tools-for-stm32.9-2020-q2-update.win32_2.0.0.202105311346/tools/bin/../lib/gcc/arm-none-eabi/9.3.1/thumb/v7e-m+fp/hard\libgcc.a(_udivmoddi4.o)
                0x00000000080002b0                __udivmoddi4
 .text          0x0000000008000574        0x4 c:/st/stm32cubeide_1.8.0/stm32cubeide/plugins/com.st.stm32cube.ide.mcu.externaltools.gnu-tools-for-stm32.9-2020-q2-update.win32_2.0.0.202105311346/tools/bin/../lib/gcc/arm-none-eabi/9.3.1/thumb/v7e-m+fp/hard\libgcc.a(_dvmd_tls.o)
                0x0000000008000574                __aeabi_idiv0
                0x0000000008000574                __aeabi_ldiv0
 *(.text*)
 .text.main     0x0000000008000578       0xc0 ./Core/Src/main.o
                0x0000000008000578                main
 .text.SystemClock_Config
                0x0000000008000638       0xa2 ./Core/Src/main.o
                0x0000000008000638                SystemClock_Config
 *fill*         0x00000000080006da        0x2 
 .text.MX_UART4_Init
                0x00000000080006dc       0x60 ./Core/Src/main.o
 .text.MX_USART2_UART_Init
                0x000000000800073c       0x60 ./Core/Src/main.o
 .text.MX_GPIO_Init
                0x000000000800079c       0xb4 ./Core/Src/main.o
 .text.Error_Handler
                0x0000000008000850        0xa ./Core/Src/main.o
                0x0000000008000850                Error_Handler
 *fill*         0x000000000800085a        0x2 
 .text.HAL_MspInit
                0x000000000800085c       0x48 ./Core/Src/stm32l4xx_hal_msp.o
                0x000000000800085c                HAL_MspInit
 .text.HAL_UART_MspInit
                0x00000000080008a4      0x140 ./Core/Src/stm32l4xx_hal_msp.o
                0x00000000080008a4                HAL_UART_MspInit
 .text.NMI_Handler
                0x00000000080009e4        0x6 ./Core/Src/stm32l4xx_it.o
                0x00000000080009e4                NMI_Handler
 .text.HardFault_Handler
                0x00000000080009ea        0x6 ./Core/Src/stm32l4xx_it.o
                0x00000000080009ea                HardFault_Handler
 .text.MemManage_Handler
                0x00000000080009f0        0x6 ./Core/Src/stm32l4xx_it.o
                0x00000000080009f0                MemManage_Handler
 .text.BusFault_Handler
                0x00000000080009f6        0x6 ./Core/Src/stm32l4xx_it.o
                0x00000000080009f6                BusFault_Handler
 .text.UsageFault_Handler
                0x00000000080009fc        0x6 ./Core/Src/stm32l4xx_it.o
                0x00000000080009fc                UsageFault_Handler
 .text.SVC_Handler
                0x0000000008000a02        0xe ./Core/Src/stm32l4xx_it.o
                0x0000000008000a02                SVC_Handler
 .text.DebugMon_Handler
                0x0000000008000a10        0xe ./Core/Src/stm32l4xx_it.o
                0x0000000008000a10                DebugMon_Handler
 .text.PendSV_Handler
                0x0000000008000a1e        0xe ./Core/Src/stm32l4xx_it.o
                0x0000000008000a1e                PendSV_Handler
 .text.SysTick_Handler
                0x0000000008000a2c        0xc ./Core/Src/stm32l4xx_it.o
                0x0000000008000a2c                SysTick_Handler
 .text.BSP_I2C1_Init
                0x0000000008000a38       0x7c ./Core/Src/stm32l4xx_nucleo_bus.o
                0x0000000008000a38                BSP_I2C1_Init
 .text.BSP_I2C1_DeInit
                0x0000000008000ab4       0x50 ./Core/Src/stm32l4xx_nucleo_bus.o
                0x0000000008000ab4                BSP_I2C1_DeInit
 .text.BSP_I2C1_WriteReg
                0x0000000008000b04       0x64 ./Core/Src/stm32l4xx_nucleo_bus.o
                0x0000000008000b04                BSP_I2C1_WriteReg
 .text.BSP_I2C1_ReadReg
                0x0000000008000b68       0x64 ./Core/Src/stm32l4xx_nucleo_bus.o
                0x0000000008000b68                BSP_I2C1_ReadReg
 .text.BSP_GetTick
                0x0000000008000bcc        0xe ./Core/Src/stm32l4xx_nucleo_bus.o
                0x0000000008000bcc                BSP_GetTick
 *fill*         0x0000000008000bda        0x2 
 .text.MX_I2C1_Init
                0x0000000008000bdc       0x88 ./Core/Src/stm32l4xx_nucleo_bus.o
                0x0000000008000bdc                MX_I2C1_Init
 .text.I2C1_MspInit
                0x0000000008000c64       0x8c ./Core/Src/stm32l4xx_nucleo_bus.o
 .text.I2C1_MspDeInit
                0x0000000008000cf0       0x38 ./Core/Src/stm32l4xx_nucleo_bus.o
 .text._sbrk    0x0000000008000d28       0x6c ./Core/Src/sysmem.o
                0x0000000008000d28                _sbrk
 .text.SystemInit
                0x0000000008000d94       0x24 ./Core/Src/system_stm32l4xx.o
                0x0000000008000d94                SystemInit
 .text.Reset_Handler
                0x0000000008000db8       0x50 ./Core/Startup/startup_stm32l476rgtx.o
                0x0000000008000db8                Reset_Handler
 .text.Default_Handler
                0x0000000008000e08        0x2 ./Core/Startup/startup_stm32l476rgtx.o
                0x0000000008000e08                RTC_Alarm_IRQHandler
                0x0000000008000e08                EXTI2_IRQHandler
                0x0000000008000e08                TIM8_TRG_COM_IRQHandler
                0x0000000008000e08                TIM8_CC_IRQHandler
                0x0000000008000e08                TIM1_CC_IRQHandler
                0x0000000008000e08                TSC_IRQHandler
                0x0000000008000e08                TAMP_STAMP_IRQHandler
                0x0000000008000e08                EXTI3_IRQHandler
                0x0000000008000e08                LPTIM2_IRQHandler
                0x0000000008000e08                DFSDM1_FLT1_IRQHandler
                0x0000000008000e08                I2C3_ER_IRQHandler
                0x0000000008000e08                DFSDM1_FLT2_IRQHandler
                0x0000000008000e08                EXTI0_IRQHandler
                0x0000000008000e08                I2C2_EV_IRQHandler
                0x0000000008000e08                CAN1_RX0_IRQHandler
                0x0000000008000e08                FPU_IRQHandler
                0x0000000008000e08                TIM1_UP_TIM16_IRQHandler
                0x0000000008000e08                ADC1_2_IRQHandler
                0x0000000008000e08                SPI1_IRQHandler
                0x0000000008000e08                TIM6_DAC_IRQHandler
                0x0000000008000e08                TIM8_UP_IRQHandler
                0x0000000008000e08                DMA2_Channel2_IRQHandler
                0x0000000008000e08                DMA1_Channel4_IRQHandler
                0x0000000008000e08                SAI2_IRQHandler
                0x0000000008000e08                DFSDM1_FLT3_IRQHandler
                0x0000000008000e08                USART3_IRQHandler
                0x0000000008000e08                DMA1_Channel7_IRQHandler
                0x0000000008000e08                CAN1_RX1_IRQHandler
                0x0000000008000e08                LCD_IRQHandler
                0x0000000008000e08                UART5_IRQHandler
                0x0000000008000e08                ADC3_IRQHandler
                0x0000000008000e08                TIM4_IRQHandler
                0x0000000008000e08                DMA2_Channel1_IRQHandler
                0x0000000008000e08                QUADSPI_IRQHandler
                0x0000000008000e08                I2C1_EV_IRQHandler
                0x0000000008000e08                DMA1_Channel6_IRQHandler
                0x0000000008000e08                UART4_IRQHandler
                0x0000000008000e08                DMA2_Channel4_IRQHandler
                0x0000000008000e08                TIM3_IRQHandler
                0x0000000008000e08                RCC_IRQHandler
                0x0000000008000e08                DMA1_Channel1_IRQHandler
                0x0000000008000e08                Default_Handler
                0x0000000008000e08                DMA2_Channel7_IRQHandler
                0x0000000008000e08                EXTI15_10_IRQHandler
                0x0000000008000e08                TIM7_IRQHandler
                0x0000000008000e08                SDMMC1_IRQHandler
                0x0000000008000e08                TIM5_IRQHandler
                0x0000000008000e08                I2C3_EV_IRQHandler
                0x0000000008000e08                EXTI9_5_IRQHandler
                0x0000000008000e08                RTC_WKUP_IRQHandler
                0x0000000008000e08                PVD_PVM_IRQHandler
                0x0000000008000e08                SPI2_IRQHandler
                0x0000000008000e08                CAN1_TX_IRQHandler
                0x0000000008000e08                DMA2_Channel5_IRQHandler
                0x0000000008000e08                DMA1_Channel5_IRQHandler
                0x0000000008000e08                EXTI4_IRQHandler
                0x0000000008000e08                RNG_IRQHandler
                0x0000000008000e08                TIM1_TRG_COM_TIM17_IRQHandler
                0x0000000008000e08                DMA1_Channel3_IRQHandler
                0x0000000008000e08                COMP_IRQHandler
                0x0000000008000e08                WWDG_IRQHandler
                0x0000000008000e08                LPUART1_IRQHandler
                0x0000000008000e08                DMA2_Channel6_IRQHandler
                0x0000000008000e08                TIM2_IRQHandler
                0x0000000008000e08                EXTI1_IRQHandler
                0x0000000008000e08                USART2_IRQHandler
                0x0000000008000e08                DFSDM1_FLT0_IRQHandler
                0x0000000008000e08                I2C2_ER_IRQHandler
                0x0000000008000e08                DMA1_Channel2_IRQHandler
                0x0000000008000e08                TIM8_BRK_IRQHandler
                0x0000000008000e08                CAN1_SCE_IRQHandler
                0x0000000008000e08                FLASH_IRQHandler
                0x0000000008000e08                USART1_IRQHandler
                0x0000000008000e08                OTG_FS_IRQHandler
                0x0000000008000e08                SPI3_IRQHandler
                0x0000000008000e08                I2C1_ER_IRQHandler
                0x0000000008000e08                FMC_IRQHandler
                0x0000000008000e08                SWPMI1_IRQHandler
                0x0000000008000e08                LPTIM1_IRQHandler
                0x0000000008000e08                SAI1_IRQHandler
                0x0000000008000e08                DMA2_Channel3_IRQHandler
                0x0000000008000e08                TIM1_BRK_TIM15_IRQHandler
 *fill*         0x0000000008000e0a        0x2 
 .text.HTS221_RegisterBusIO
                0x0000000008000e0c       0x8c ./Drivers/BSP/Components/hts221/hts221.o
                0x0000000008000e0c                HTS221_RegisterBusIO
 .text.HTS221_Init
                0x0000000008000e98       0x36 ./Drivers/BSP/Components/hts221/hts221.o
                0x0000000008000e98                HTS221_Init
 .text.HTS221_DeInit
                0x0000000008000ece       0x48 ./Drivers/BSP/Components/hts221/hts221.o
                0x0000000008000ece                HTS221_DeInit
 .text.HTS221_ReadID
                0x0000000008000f16       0x2c ./Drivers/BSP/Components/hts221/hts221.o
                0x0000000008000f16                HTS221_ReadID
 *fill*         0x0000000008000f42        0x2 
 .text.HTS221_GetCapabilities
                0x0000000008000f44       0x48 ./Drivers/BSP/Components/hts221/hts221.o
                0x0000000008000f44                HTS221_GetCapabilities
 .text.HTS221_HUM_Enable
                0x0000000008000f8c       0x4a ./Drivers/BSP/Components/hts221/hts221.o
                0x0000000008000f8c                HTS221_HUM_Enable
 .text.HTS221_HUM_Disable
                0x0000000008000fd6       0x4a ./Drivers/BSP/Components/hts221/hts221.o
                0x0000000008000fd6                HTS221_HUM_Disable
 .text.HTS221_HUM_GetOutputDataRate
                0x0000000008001020       0x1c ./Drivers/BSP/Components/hts221/hts221.o
                0x0000000008001020                HTS221_HUM_GetOutputDataRate
 .text.HTS221_HUM_SetOutputDataRate
                0x000000000800103c       0x20 ./Drivers/BSP/Components/hts221/hts221.o
                0x000000000800103c                HTS221_HUM_SetOutputDataRate
 .text.HTS221_HUM_GetHumidity
                0x000000000800105c      0x110 ./Drivers/BSP/Components/hts221/hts221.o
                0x000000000800105c                HTS221_HUM_GetHumidity
 .text.HTS221_TEMP_Enable
                0x000000000800116c       0x4a ./Drivers/BSP/Components/hts221/hts221.o
                0x000000000800116c                HTS221_TEMP_Enable
 .text.HTS221_TEMP_Disable
                0x00000000080011b6       0x4a ./Drivers/BSP/Components/hts221/hts221.o
                0x00000000080011b6                HTS221_TEMP_Disable
 .text.HTS221_TEMP_GetOutputDataRate
                0x0000000008001200       0x1c ./Drivers/BSP/Components/hts221/hts221.o
                0x0000000008001200                HTS221_TEMP_GetOutputDataRate
 .text.HTS221_TEMP_SetOutputDataRate
                0x000000000800121c       0x20 ./Drivers/BSP/Components/hts221/hts221.o
                0x000000000800121c                HTS221_TEMP_SetOutputDataRate
 .text.HTS221_TEMP_GetTemperature
                0x000000000800123c       0xd4 ./Drivers/BSP/Components/hts221/hts221.o
                0x000000000800123c                HTS221_TEMP_GetTemperature
 .text.HTS221_GetOutputDataRate
                0x0000000008001310       0x88 ./Drivers/BSP/Components/hts221/hts221.o
 .text.HTS221_SetOutputDataRate
                0x0000000008001398       0x60 ./Drivers/BSP/Components/hts221/hts221.o
 .text.HTS221_Initialize
                0x00000000080013f8       0x58 ./Drivers/BSP/Components/hts221/hts221.o
 .text.Linear_Interpolation
                0x0000000008001450       0x72 ./Drivers/BSP/Components/hts221/hts221.o
 .text.ReadRegWrap
                0x00000000080014c2       0x62 ./Drivers/BSP/Components/hts221/hts221.o
 .text.WriteRegWrap
                0x0000000008001524       0x62 ./Drivers/BSP/Components/hts221/hts221.o
 .text.hts221_read_reg
                0x0000000008001586       0x30 ./Drivers/BSP/Components/hts221/hts221_reg.o
                0x0000000008001586                hts221_read_reg
 .text.hts221_write_reg
                0x00000000080015b6       0x30 ./Drivers/BSP/Components/hts221/hts221_reg.o
                0x00000000080015b6                hts221_write_reg
 .text.hts221_data_rate_set
                0x00000000080015e6       0x4c ./Drivers/BSP/Components/hts221/hts221_reg.o
                0x00000000080015e6                hts221_data_rate_set
 *fill*         0x0000000008001632        0x2 
 .text.hts221_data_rate_get
                0x0000000008001634       0x70 ./Drivers/BSP/Components/hts221/hts221_reg.o
                0x0000000008001634                hts221_data_rate_get
 .text.hts221_block_data_update_set
                0x00000000080016a4       0x4c ./Drivers/BSP/Components/hts221/hts221_reg.o
                0x00000000080016a4                hts221_block_data_update_set
 .text.hts221_humidity_raw_get
                0x00000000080016f0       0x46 ./Drivers/BSP/Components/hts221/hts221_reg.o
                0x00000000080016f0                hts221_humidity_raw_get
 .text.hts221_temperature_raw_get
                0x0000000008001736       0x46 ./Drivers/BSP/Components/hts221/hts221_reg.o
                0x0000000008001736                hts221_temperature_raw_get
 .text.hts221_device_id_get
                0x000000000800177c       0x22 ./Drivers/BSP/Components/hts221/hts221_reg.o
                0x000000000800177c                hts221_device_id_get
 .text.hts221_power_on_set
                0x000000000800179e       0x4c ./Drivers/BSP/Components/hts221/hts221_reg.o
                0x000000000800179e                hts221_power_on_set
 .text.hts221_hum_rh_point_0_get
                0x00000000080017ea       0x3c ./Drivers/BSP/Components/hts221/hts221_reg.o
                0x00000000080017ea                hts221_hum_rh_point_0_get
 .text.hts221_hum_rh_point_1_get
                0x0000000008001826       0x3c ./Drivers/BSP/Components/hts221/hts221_reg.o
                0x0000000008001826                hts221_hum_rh_point_1_get
 .text.hts221_temp_deg_point_0_get
                0x0000000008001862       0x62 ./Drivers/BSP/Components/hts221/hts221_reg.o
                0x0000000008001862                hts221_temp_deg_point_0_get
 .text.hts221_temp_deg_point_1_get
                0x00000000080018c4       0x62 ./Drivers/BSP/Components/hts221/hts221_reg.o
                0x00000000080018c4                hts221_temp_deg_point_1_get
 .text.hts221_hum_adc_point_0_get
                0x0000000008001926       0x48 ./Drivers/BSP/Components/hts221/hts221_reg.o
                0x0000000008001926                hts221_hum_adc_point_0_get
 .text.hts221_hum_adc_point_1_get
                0x000000000800196e       0x48 ./Drivers/BSP/Components/hts221/hts221_reg.o
                0x000000000800196e                hts221_hum_adc_point_1_get
 .text.hts221_temp_adc_point_0_get
                0x00000000080019b6       0x48 ./Drivers/BSP/Components/hts221/hts221_reg.o
                0x00000000080019b6                hts221_temp_adc_point_0_get
 .text.hts221_temp_adc_point_1_get
                0x00000000080019fe       0x48 ./Drivers/BSP/Components/hts221/hts221_reg.o
                0x00000000080019fe                hts221_temp_adc_point_1_get
 *fill*         0x0000000008001a46        0x2 
 .text.LPS22HB_RegisterBusIO
                0x0000000008001a48       0xcc ./Drivers/BSP/Components/lps22hb/lps22hb.o
                0x0000000008001a48                LPS22HB_RegisterBusIO
 .text.LPS22HB_Init
                0x0000000008001b14       0x36 ./Drivers/BSP/Components/lps22hb/lps22hb.o
                0x0000000008001b14                LPS22HB_Init
 .text.LPS22HB_DeInit
                0x0000000008001b4a       0x48 ./Drivers/BSP/Components/lps22hb/lps22hb.o
                0x0000000008001b4a                LPS22HB_DeInit
 .text.LPS22HB_ReadID
                0x0000000008001b92       0x2c ./Drivers/BSP/Components/lps22hb/lps22hb.o
                0x0000000008001b92                LPS22HB_ReadID
 *fill*         0x0000000008001bbe        0x2 
 .text.LPS22HB_GetCapabilities
                0x0000000008001bc0       0x48 ./Drivers/BSP/Components/lps22hb/lps22hb.o
                0x0000000008001bc0                LPS22HB_GetCapabilities
 .text.LPS22HB_PRESS_Enable
                0x0000000008001c08       0x48 ./Drivers/BSP/Components/lps22hb/lps22hb.o
                0x0000000008001c08                LPS22HB_PRESS_Enable
 .text.LPS22HB_PRESS_Disable
                0x0000000008001c50       0x68 ./Drivers/BSP/Components/lps22hb/lps22hb.o
                0x0000000008001c50                LPS22HB_PRESS_Disable
 .text.LPS22HB_PRESS_GetOutputDataRate
                0x0000000008001cb8       0x1c ./Drivers/BSP/Components/lps22hb/lps22hb.o
                0x0000000008001cb8                LPS22HB_PRESS_GetOutputDataRate
 .text.LPS22HB_PRESS_SetOutputDataRate
                0x0000000008001cd4       0x38 ./Drivers/BSP/Components/lps22hb/lps22hb.o
                0x0000000008001cd4                LPS22HB_PRESS_SetOutputDataRate
 .text.LPS22HB_PRESS_GetPressure
                0x0000000008001d0c       0x50 ./Drivers/BSP/Components/lps22hb/lps22hb.o
                0x0000000008001d0c                LPS22HB_PRESS_GetPressure
 .text.LPS22HB_TEMP_Enable
                0x0000000008001d5c       0x48 ./Drivers/BSP/Components/lps22hb/lps22hb.o
                0x0000000008001d5c                LPS22HB_TEMP_Enable
 .text.LPS22HB_TEMP_Disable
                0x0000000008001da4       0x68 ./Drivers/BSP/Components/lps22hb/lps22hb.o
                0x0000000008001da4                LPS22HB_TEMP_Disable
 .text.LPS22HB_TEMP_GetOutputDataRate
                0x0000000008001e0c       0x1c ./Drivers/BSP/Components/lps22hb/lps22hb.o
                0x0000000008001e0c                LPS22HB_TEMP_GetOutputDataRate
 .text.LPS22HB_TEMP_SetOutputDataRate
                0x0000000008001e28       0x38 ./Drivers/BSP/Components/lps22hb/lps22hb.o
                0x0000000008001e28                LPS22HB_TEMP_SetOutputDataRate
 .text.LPS22HB_TEMP_GetTemperature
                0x0000000008001e60       0x52 ./Drivers/BSP/Components/lps22hb/lps22hb.o
                0x0000000008001e60                LPS22HB_TEMP_GetTemperature
 .text.LPS22HB_Write_Reg
                0x0000000008001eb2       0x36 ./Drivers/BSP/Components/lps22hb/lps22hb.o
                0x0000000008001eb2                LPS22HB_Write_Reg
 .text.LPS22HB_GetOutputDataRate
                0x0000000008001ee8       0xa8 ./Drivers/BSP/Components/lps22hb/lps22hb.o
 .text.LPS22HB_SetOutputDataRate_When_Enabled
                0x0000000008001f90       0xb0 ./Drivers/BSP/Components/lps22hb/lps22hb.o
 .text.LPS22HB_SetOutputDataRate_When_Disabled
                0x0000000008002040       0x80 ./Drivers/BSP/Components/lps22hb/lps22hb.o
 .text.LPS22HB_Initialize
                0x00000000080020c0       0xb2 ./Drivers/BSP/Components/lps22hb/lps22hb.o
 .text.ReadRegWrap
                0x0000000008002172       0x86 ./Drivers/BSP/Components/lps22hb/lps22hb.o
 .text.WriteRegWrap
                0x00000000080021f8       0x86 ./Drivers/BSP/Components/lps22hb/lps22hb.o
 .text.lps22hb_read_reg
                0x000000000800227e       0x30 ./Drivers/BSP/Components/lps22hb/lps22hb_reg.o
                0x000000000800227e                lps22hb_read_reg
 .text.lps22hb_write_reg
                0x00000000080022ae       0x30 ./Drivers/BSP/Components/lps22hb/lps22hb_reg.o
                0x00000000080022ae                lps22hb_write_reg
 *fill*         0x00000000080022de        0x2 
 .text.lps22hb_from_lsb_to_hpa
                0x00000000080022e0       0x30 ./Drivers/BSP/Components/lps22hb/lps22hb_reg.o
                0x00000000080022e0                lps22hb_from_lsb_to_hpa
 .text.lps22hb_from_lsb_to_degc
                0x0000000008002310       0x34 ./Drivers/BSP/Components/lps22hb/lps22hb_reg.o
                0x0000000008002310                lps22hb_from_lsb_to_degc
 .text.lps22hb_block_data_update_set
                0x0000000008002344       0x4c ./Drivers/BSP/Components/lps22hb/lps22hb_reg.o
                0x0000000008002344                lps22hb_block_data_update_set
 .text.lps22hb_low_pass_filter_mode_set
                0x0000000008002390       0x4c ./Drivers/BSP/Components/lps22hb/lps22hb_reg.o
                0x0000000008002390                lps22hb_low_pass_filter_mode_set
 .text.lps22hb_data_rate_set
                0x00000000080023dc       0x4c ./Drivers/BSP/Components/lps22hb/lps22hb_reg.o
                0x00000000080023dc                lps22hb_data_rate_set
 .text.lps22hb_data_rate_get
                0x0000000008002428       0x88 ./Drivers/BSP/Components/lps22hb/lps22hb_reg.o
                0x0000000008002428                lps22hb_data_rate_get
 .text.lps22hb_pressure_raw_get
                0x00000000080024b0       0x52 ./Drivers/BSP/Components/lps22hb/lps22hb_reg.o
                0x00000000080024b0                lps22hb_pressure_raw_get
 .text.lps22hb_temperature_raw_get
                0x0000000008002502       0x46 ./Drivers/BSP/Components/lps22hb/lps22hb_reg.o
                0x0000000008002502                lps22hb_temperature_raw_get
 .text.lps22hb_device_id_get
                0x0000000008002548       0x22 ./Drivers/BSP/Components/lps22hb/lps22hb_reg.o
                0x0000000008002548                lps22hb_device_id_get
 .text.lps22hb_low_power_set
                0x000000000800256a       0x4c ./Drivers/BSP/Components/lps22hb/lps22hb_reg.o
                0x000000000800256a                lps22hb_low_power_set
 .text.lps22hb_auto_add_inc_set
                0x00000000080025b6       0x4c ./Drivers/BSP/Components/lps22hb/lps22hb_reg.o
                0x00000000080025b6                lps22hb_auto_add_inc_set
 *fill*         0x0000000008002602        0x2 
 .text.LSM303AGR_ACC_RegisterBusIO
                0x0000000008002604       0xcc ./Drivers/BSP/Components/lsm303agr/lsm303agr.o
                0x0000000008002604                LSM303AGR_ACC_RegisterBusIO
 .text.LSM303AGR_ACC_Init
                0x00000000080026d0       0x82 ./Drivers/BSP/Components/lsm303agr/lsm303agr.o
                0x00000000080026d0                LSM303AGR_ACC_Init
 .text.LSM303AGR_ACC_DeInit
                0x0000000008002752       0x34 ./Drivers/BSP/Components/lsm303agr/lsm303agr.o
                0x0000000008002752                LSM303AGR_ACC_DeInit
 .text.LSM303AGR_ACC_ReadID
                0x0000000008002786       0x2c ./Drivers/BSP/Components/lsm303agr/lsm303agr.o
                0x0000000008002786                LSM303AGR_ACC_ReadID
 *fill*         0x00000000080027b2        0x2 
 .text.LSM303AGR_ACC_GetCapabilities
                0x00000000080027b4       0x5c ./Drivers/BSP/Components/lsm303agr/lsm303agr.o
                0x00000000080027b4                LSM303AGR_ACC_GetCapabilities
 .text.LSM303AGR_ACC_Enable
                0x0000000008002810       0x48 ./Drivers/BSP/Components/lsm303agr/lsm303agr.o
                0x0000000008002810                LSM303AGR_ACC_Enable
 .text.LSM303AGR_ACC_Disable
                0x0000000008002858       0x5e ./Drivers/BSP/Components/lsm303agr/lsm303agr.o
                0x0000000008002858                LSM303AGR_ACC_Disable
 .text.LSM303AGR_ACC_GetSensitivity
                0x00000000080028b6       0x96 ./Drivers/BSP/Components/lsm303agr/lsm303agr.o
                0x00000000080028b6                LSM303AGR_ACC_GetSensitivity
 .text.LSM303AGR_ACC_GetOutputDataRate
                0x000000000800294c      0x194 ./Drivers/BSP/Components/lsm303agr/lsm303agr.o
                0x000000000800294c                LSM303AGR_ACC_GetOutputDataRate
 .text.LSM303AGR_ACC_SetOutputDataRate
                0x0000000008002ae0       0x38 ./Drivers/BSP/Components/lsm303agr/lsm303agr.o
                0x0000000008002ae0                LSM303AGR_ACC_SetOutputDataRate
 .text.LSM303AGR_ACC_GetFullScale
                0x0000000008002b18       0x7c ./Drivers/BSP/Components/lsm303agr/lsm303agr.o
                0x0000000008002b18                LSM303AGR_ACC_GetFullScale
 .text.LSM303AGR_ACC_SetFullScale
                0x0000000008002b94       0x50 ./Drivers/BSP/Components/lsm303agr/lsm303agr.o
                0x0000000008002b94                LSM303AGR_ACC_SetFullScale
 .text.LSM303AGR_ACC_GetAxesRaw
                0x0000000008002be4       0xcc ./Drivers/BSP/Components/lsm303agr/lsm303agr.o
                0x0000000008002be4                LSM303AGR_ACC_GetAxesRaw
 .text.LSM303AGR_ACC_GetAxes
                0x0000000008002cb0       0xaa ./Drivers/BSP/Components/lsm303agr/lsm303agr.o
                0x0000000008002cb0                LSM303AGR_ACC_GetAxes
 .text.LSM303AGR_ACC_Write_Reg
                0x0000000008002d5a       0x36 ./Drivers/BSP/Components/lsm303agr/lsm303agr.o
                0x0000000008002d5a                LSM303AGR_ACC_Write_Reg
 .text.LSM303AGR_MAG_RegisterBusIO
                0x0000000008002d90       0xc8 ./Drivers/BSP/Components/lsm303agr/lsm303agr.o
                0x0000000008002d90                LSM303AGR_MAG_RegisterBusIO
 .text.LSM303AGR_MAG_Init
                0x0000000008002e58       0x7a ./Drivers/BSP/Components/lsm303agr/lsm303agr.o
                0x0000000008002e58                LSM303AGR_MAG_Init
 .text.LSM303AGR_MAG_DeInit
                0x0000000008002ed2       0x2c ./Drivers/BSP/Components/lsm303agr/lsm303agr.o
                0x0000000008002ed2                LSM303AGR_MAG_DeInit
 .text.LSM303AGR_MAG_ReadID
                0x0000000008002efe       0x2c ./Drivers/BSP/Components/lsm303agr/lsm303agr.o
                0x0000000008002efe                LSM303AGR_MAG_ReadID
 *fill*         0x0000000008002f2a        0x2 
 .text.LSM303AGR_MAG_GetCapabilities
                0x0000000008002f2c       0x5c ./Drivers/BSP/Components/lsm303agr/lsm303agr.o
                0x0000000008002f2c                LSM303AGR_MAG_GetCapabilities
 .text.LSM303AGR_MAG_Enable
                0x0000000008002f88       0x40 ./Drivers/BSP/Components/lsm303agr/lsm303agr.o
                0x0000000008002f88                LSM303AGR_MAG_Enable
 .text.LSM303AGR_MAG_Disable
                0x0000000008002fc8       0x40 ./Drivers/BSP/Components/lsm303agr/lsm303agr.o
                0x0000000008002fc8                LSM303AGR_MAG_Disable
 .text.LSM303AGR_MAG_GetSensitivity
                0x0000000008003008       0x20 ./Drivers/BSP/Components/lsm303agr/lsm303agr.o
                0x0000000008003008                LSM303AGR_MAG_GetSensitivity
 .text.LSM303AGR_MAG_GetOutputDataRate
                0x0000000008003028       0x8c ./Drivers/BSP/Components/lsm303agr/lsm303agr.o
                0x0000000008003028                LSM303AGR_MAG_GetOutputDataRate
 .text.LSM303AGR_MAG_SetOutputDataRate
                0x00000000080030b4       0x7c ./Drivers/BSP/Components/lsm303agr/lsm303agr.o
                0x00000000080030b4                LSM303AGR_MAG_SetOutputDataRate
 .text.LSM303AGR_MAG_GetFullScale
                0x0000000008003130       0x1e ./Drivers/BSP/Components/lsm303agr/lsm303agr.o
                0x0000000008003130                LSM303AGR_MAG_GetFullScale
 .text.LSM303AGR_MAG_SetFullScale
                0x000000000800314e       0x18 ./Drivers/BSP/Components/lsm303agr/lsm303agr.o
                0x000000000800314e                LSM303AGR_MAG_SetFullScale
 .text.LSM303AGR_MAG_GetAxesRaw
                0x0000000008003166       0x48 ./Drivers/BSP/Components/lsm303agr/lsm303agr.o
                0x0000000008003166                LSM303AGR_MAG_GetAxesRaw
 .text.LSM303AGR_MAG_GetAxes
                0x00000000080031ae       0x9c ./Drivers/BSP/Components/lsm303agr/lsm303agr.o
                0x00000000080031ae                LSM303AGR_MAG_GetAxes
 *fill*         0x000000000800324a        0x2 
 .text.LSM303AGR_ACC_GetSensitivityHR
                0x000000000800324c       0x8c ./Drivers/BSP/Components/lsm303agr/lsm303agr.o
 .text.LSM303AGR_ACC_GetSensitivityNM
                0x00000000080032d8       0x8c ./Drivers/BSP/Components/lsm303agr/lsm303agr.o
 .text.LSM303AGR_ACC_GetSensitivityLP
                0x0000000008003364       0x8c ./Drivers/BSP/Components/lsm303agr/lsm303agr.o
 .text.LSM303AGR_ACC_SetOutputDataRate_When_Enabled
                0x00000000080033f0       0xc4 ./Drivers/BSP/Components/lsm303agr/lsm303agr.o
 .text.LSM303AGR_ACC_SetOutputDataRate_When_Disabled
                0x00000000080034b4       0xb4 ./Drivers/BSP/Components/lsm303agr/lsm303agr.o
 .text.ReadAccRegWrap
                0x0000000008003568       0x62 ./Drivers/BSP/Components/lsm303agr/lsm303agr.o
 .text.WriteAccRegWrap
                0x00000000080035ca       0x62 ./Drivers/BSP/Components/lsm303agr/lsm303agr.o
 .text.ReadMagRegWrap
                0x000000000800362c       0x62 ./Drivers/BSP/Components/lsm303agr/lsm303agr.o
 .text.WriteMagRegWrap
                0x000000000800368e       0x62 ./Drivers/BSP/Components/lsm303agr/lsm303agr.o
 .text.lsm303agr_read_reg
                0x00000000080036f0       0x30 ./Drivers/BSP/Components/lsm303agr/lsm303agr_reg.o
                0x00000000080036f0                lsm303agr_read_reg
 .text.lsm303agr_write_reg
                0x0000000008003720       0x30 ./Drivers/BSP/Components/lsm303agr/lsm303agr_reg.o
                0x0000000008003720                lsm303agr_write_reg
 .text.lsm303agr_xl_operating_mode_get
                0x0000000008003750       0x68 ./Drivers/BSP/Components/lsm303agr/lsm303agr_reg.o
                0x0000000008003750                lsm303agr_xl_operating_mode_get
 .text.lsm303agr_xl_data_rate_set
                0x00000000080037b8       0x4c ./Drivers/BSP/Components/lsm303agr/lsm303agr_reg.o
                0x00000000080037b8                lsm303agr_xl_data_rate_set
 .text.lsm303agr_xl_data_rate_get
                0x0000000008003804       0xb8 ./Drivers/BSP/Components/lsm303agr/lsm303agr_reg.o
                0x0000000008003804                lsm303agr_xl_data_rate_get
 .text.lsm303agr_xl_full_scale_set
                0x00000000080038bc       0x4c ./Drivers/BSP/Components/lsm303agr/lsm303agr_reg.o
                0x00000000080038bc                lsm303agr_xl_full_scale_set
 .text.lsm303agr_xl_full_scale_get
                0x0000000008003908       0x70 ./Drivers/BSP/Components/lsm303agr/lsm303agr_reg.o
                0x0000000008003908                lsm303agr_xl_full_scale_get
 .text.lsm303agr_xl_block_data_update_set
                0x0000000008003978       0x4c ./Drivers/BSP/Components/lsm303agr/lsm303agr_reg.o
                0x0000000008003978                lsm303agr_xl_block_data_update_set
 .text.lsm303agr_acceleration_raw_get
                0x00000000080039c4       0x96 ./Drivers/BSP/Components/lsm303agr/lsm303agr_reg.o
                0x00000000080039c4                lsm303agr_acceleration_raw_get
 .text.lsm303agr_mag_operating_mode_set
                0x0000000008003a5a       0x4c ./Drivers/BSP/Components/lsm303agr/lsm303agr_reg.o
                0x0000000008003a5a                lsm303agr_mag_operating_mode_set
 .text.lsm303agr_mag_data_rate_set
                0x0000000008003aa6       0x4c ./Drivers/BSP/Components/lsm303agr/lsm303agr_reg.o
                0x0000000008003aa6                lsm303agr_mag_data_rate_set
 *fill*         0x0000000008003af2        0x2 
 .text.lsm303agr_mag_data_rate_get
                0x0000000008003af4       0x70 ./Drivers/BSP/Components/lsm303agr/lsm303agr_reg.o
                0x0000000008003af4                lsm303agr_mag_data_rate_get
 .text.lsm303agr_mag_block_data_update_set
                0x0000000008003b64       0x4c ./Drivers/BSP/Components/lsm303agr/lsm303agr_reg.o
                0x0000000008003b64                lsm303agr_mag_block_data_update_set
 .text.lsm303agr_magnetic_raw_get
                0x0000000008003bb0       0x96 ./Drivers/BSP/Components/lsm303agr/lsm303agr_reg.o
                0x0000000008003bb0                lsm303agr_magnetic_raw_get
 .text.lsm303agr_xl_device_id_get
                0x0000000008003c46       0x22 ./Drivers/BSP/Components/lsm303agr/lsm303agr_reg.o
                0x0000000008003c46                lsm303agr_xl_device_id_get
 .text.lsm303agr_mag_device_id_get
                0x0000000008003c68       0x22 ./Drivers/BSP/Components/lsm303agr/lsm303agr_reg.o
                0x0000000008003c68                lsm303agr_mag_device_id_get
 .text.lsm303agr_mag_self_test_set
                0x0000000008003c8a       0x4c ./Drivers/BSP/Components/lsm303agr/lsm303agr_reg.o
                0x0000000008003c8a                lsm303agr_mag_self_test_set
 .text.lsm303agr_xl_fifo_mode_set
                0x0000000008003cd6       0x4c ./Drivers/BSP/Components/lsm303agr/lsm303agr_reg.o
                0x0000000008003cd6                lsm303agr_xl_fifo_mode_set
 .text.lsm303agr_mag_i2c_interface_set
                0x0000000008003d22       0x4c ./Drivers/BSP/Components/lsm303agr/lsm303agr_reg.o
                0x0000000008003d22                lsm303agr_mag_i2c_interface_set
 *fill*         0x0000000008003d6e        0x2 
 .text.LSM6DSL_RegisterBusIO
                0x0000000008003d70       0xcc ./Drivers/BSP/Components/lsm6dsl/lsm6dsl.o
                0x0000000008003d70                LSM6DSL_RegisterBusIO
 .text.LSM6DSL_Init
                0x0000000008003e3c       0xd2 ./Drivers/BSP/Components/lsm6dsl/lsm6dsl.o
                0x0000000008003e3c                LSM6DSL_Init
 .text.LSM6DSL_DeInit
                0x0000000008003f0e       0x4e ./Drivers/BSP/Components/lsm6dsl/lsm6dsl.o
                0x0000000008003f0e                LSM6DSL_DeInit
 .text.LSM6DSL_ReadID
                0x0000000008003f5c       0x2c ./Drivers/BSP/Components/lsm6dsl/lsm6dsl.o
                0x0000000008003f5c                LSM6DSL_ReadID
 .text.LSM6DSL_GetCapabilities
                0x0000000008003f88       0x5c ./Drivers/BSP/Components/lsm6dsl/lsm6dsl.o
                0x0000000008003f88                LSM6DSL_GetCapabilities
 .text.LSM6DSL_ACC_Enable
                0x0000000008003fe4       0x48 ./Drivers/BSP/Components/lsm6dsl/lsm6dsl.o
                0x0000000008003fe4                LSM6DSL_ACC_Enable
 .text.LSM6DSL_ACC_Disable
                0x000000000800402c       0x5e ./Drivers/BSP/Components/lsm6dsl/lsm6dsl.o
                0x000000000800402c                LSM6DSL_ACC_Disable
 *fill*         0x000000000800408a        0x2 
 .text.LSM6DSL_ACC_GetSensitivity
                0x000000000800408c       0x8c ./Drivers/BSP/Components/lsm6dsl/lsm6dsl.o
                0x000000000800408c                LSM6DSL_ACC_GetSensitivity
 .text.LSM6DSL_ACC_GetOutputDataRate
                0x0000000008004118      0x108 ./Drivers/BSP/Components/lsm6dsl/lsm6dsl.o
                0x0000000008004118                LSM6DSL_ACC_GetOutputDataRate
 .text.LSM6DSL_ACC_SetOutputDataRate
                0x0000000008004220       0x38 ./Drivers/BSP/Components/lsm6dsl/lsm6dsl.o
                0x0000000008004220                LSM6DSL_ACC_SetOutputDataRate
 .text.LSM6DSL_ACC_GetFullScale
                0x0000000008004258       0x7c ./Drivers/BSP/Components/lsm6dsl/lsm6dsl.o
                0x0000000008004258                LSM6DSL_ACC_GetFullScale
 .text.LSM6DSL_ACC_SetFullScale
                0x00000000080042d4       0x50 ./Drivers/BSP/Components/lsm6dsl/lsm6dsl.o
                0x00000000080042d4                LSM6DSL_ACC_SetFullScale
 .text.LSM6DSL_ACC_GetAxesRaw
                0x0000000008004324       0x48 ./Drivers/BSP/Components/lsm6dsl/lsm6dsl.o
                0x0000000008004324                LSM6DSL_ACC_GetAxesRaw
 .text.LSM6DSL_ACC_GetAxes
                0x000000000800436c       0xae ./Drivers/BSP/Components/lsm6dsl/lsm6dsl.o
                0x000000000800436c                LSM6DSL_ACC_GetAxes
 .text.LSM6DSL_GYRO_Enable
                0x000000000800441a       0x48 ./Drivers/BSP/Components/lsm6dsl/lsm6dsl.o
                0x000000000800441a                LSM6DSL_GYRO_Enable
 .text.LSM6DSL_GYRO_Disable
                0x0000000008004462       0x5e ./Drivers/BSP/Components/lsm6dsl/lsm6dsl.o
                0x0000000008004462                LSM6DSL_GYRO_Disable
 .text.LSM6DSL_GYRO_GetSensitivity
                0x00000000080044c0       0xa4 ./Drivers/BSP/Components/lsm6dsl/lsm6dsl.o
                0x00000000080044c0                LSM6DSL_GYRO_GetSensitivity
 .text.LSM6DSL_GYRO_GetOutputDataRate
                0x0000000008004564       0xf8 ./Drivers/BSP/Components/lsm6dsl/lsm6dsl.o
                0x0000000008004564                LSM6DSL_GYRO_GetOutputDataRate
 .text.LSM6DSL_GYRO_SetOutputDataRate
                0x000000000800465c       0x38 ./Drivers/BSP/Components/lsm6dsl/lsm6dsl.o
                0x000000000800465c                LSM6DSL_GYRO_SetOutputDataRate
 .text.LSM6DSL_GYRO_GetFullScale
                0x0000000008004694       0x94 ./Drivers/BSP/Components/lsm6dsl/lsm6dsl.o
                0x0000000008004694                LSM6DSL_GYRO_GetFullScale
 .text.LSM6DSL_GYRO_SetFullScale
                0x0000000008004728       0x5e ./Drivers/BSP/Components/lsm6dsl/lsm6dsl.o
                0x0000000008004728                LSM6DSL_GYRO_SetFullScale
 .text.LSM6DSL_GYRO_GetAxesRaw
                0x0000000008004786       0x48 ./Drivers/BSP/Components/lsm6dsl/lsm6dsl.o
                0x0000000008004786                LSM6DSL_GYRO_GetAxesRaw
 .text.LSM6DSL_GYRO_GetAxes
                0x00000000080047ce       0xa8 ./Drivers/BSP/Components/lsm6dsl/lsm6dsl.o
                0x00000000080047ce                LSM6DSL_GYRO_GetAxes
 .text.LSM6DSL_Write_Reg
                0x0000000008004876       0x36 ./Drivers/BSP/Components/lsm6dsl/lsm6dsl.o
                0x0000000008004876                LSM6DSL_Write_Reg
 .text.LSM6DSL_ACC_SetOutputDataRate_When_Enabled
                0x00000000080048ac      0x118 ./Drivers/BSP/Components/lsm6dsl/lsm6dsl.o
 .text.LSM6DSL_ACC_SetOutputDataRate_When_Disabled
                0x00000000080049c4      0x104 ./Drivers/BSP/Components/lsm6dsl/lsm6dsl.o
 .text.LSM6DSL_GYRO_SetOutputDataRate_When_Enabled
                0x0000000008004ac8      0x118 ./Drivers/BSP/Components/lsm6dsl/lsm6dsl.o
 .text.LSM6DSL_GYRO_SetOutputDataRate_When_Disabled
                0x0000000008004be0      0x104 ./Drivers/BSP/Components/lsm6dsl/lsm6dsl.o
 .text.ReadRegWrap
                0x0000000008004ce4       0x36 ./Drivers/BSP/Components/lsm6dsl/lsm6dsl.o
 .text.WriteRegWrap
                0x0000000008004d1a       0x36 ./Drivers/BSP/Components/lsm6dsl/lsm6dsl.o
 .text.lsm6dsl_read_reg
                0x0000000008004d50       0x30 ./Drivers/BSP/Components/lsm6dsl/lsm6dsl_reg.o
                0x0000000008004d50                lsm6dsl_read_reg
 .text.lsm6dsl_write_reg
                0x0000000008004d80       0x30 ./Drivers/BSP/Components/lsm6dsl/lsm6dsl_reg.o
                0x0000000008004d80                lsm6dsl_write_reg
 .text.lsm6dsl_xl_full_scale_set
                0x0000000008004db0       0x4c ./Drivers/BSP/Components/lsm6dsl/lsm6dsl_reg.o
                0x0000000008004db0                lsm6dsl_xl_full_scale_set
 .text.lsm6dsl_xl_full_scale_get
                0x0000000008004dfc       0x70 ./Drivers/BSP/Components/lsm6dsl/lsm6dsl_reg.o
                0x0000000008004dfc                lsm6dsl_xl_full_scale_get
 .text.lsm6dsl_xl_data_rate_set
                0x0000000008004e6c       0x4c ./Drivers/BSP/Components/lsm6dsl/lsm6dsl_reg.o
                0x0000000008004e6c                lsm6dsl_xl_data_rate_set
 .text.lsm6dsl_xl_data_rate_get
                0x0000000008004eb8       0xd0 ./Drivers/BSP/Components/lsm6dsl/lsm6dsl_reg.o
                0x0000000008004eb8                lsm6dsl_xl_data_rate_get
 .text.lsm6dsl_gy_full_scale_set
                0x0000000008004f88       0x4c ./Drivers/BSP/Components/lsm6dsl/lsm6dsl_reg.o
                0x0000000008004f88                lsm6dsl_gy_full_scale_set
 .text.lsm6dsl_gy_full_scale_get
                0x0000000008004fd4       0x84 ./Drivers/BSP/Components/lsm6dsl/lsm6dsl_reg.o
                0x0000000008004fd4                lsm6dsl_gy_full_scale_get
 .text.lsm6dsl_gy_data_rate_set
                0x0000000008005058       0x4c ./Drivers/BSP/Components/lsm6dsl/lsm6dsl_reg.o
                0x0000000008005058                lsm6dsl_gy_data_rate_set
 .text.lsm6dsl_gy_data_rate_get
                0x00000000080050a4       0xc4 ./Drivers/BSP/Components/lsm6dsl/lsm6dsl_reg.o
                0x00000000080050a4                lsm6dsl_gy_data_rate_get
 .text.lsm6dsl_block_data_update_set
                0x0000000008005168       0x4c ./Drivers/BSP/Components/lsm6dsl/lsm6dsl_reg.o
                0x0000000008005168                lsm6dsl_block_data_update_set
 .text.lsm6dsl_angular_rate_raw_get
                0x00000000080051b4       0x96 ./Drivers/BSP/Components/lsm6dsl/lsm6dsl_reg.o
                0x00000000080051b4                lsm6dsl_angular_rate_raw_get
 .text.lsm6dsl_acceleration_raw_get
                0x000000000800524a       0x96 ./Drivers/BSP/Components/lsm6dsl/lsm6dsl_reg.o
                0x000000000800524a                lsm6dsl_acceleration_raw_get
 .text.lsm6dsl_device_id_get
                0x00000000080052e0       0x22 ./Drivers/BSP/Components/lsm6dsl/lsm6dsl_reg.o
                0x00000000080052e0                lsm6dsl_device_id_get
 .text.lsm6dsl_auto_increment_set
                0x0000000008005302       0x4c ./Drivers/BSP/Components/lsm6dsl/lsm6dsl_reg.o
                0x0000000008005302                lsm6dsl_auto_increment_set
 .text.lsm6dsl_fifo_mode_set
                0x000000000800534e       0x4c ./Drivers/BSP/Components/lsm6dsl/lsm6dsl_reg.o
                0x000000000800534e                lsm6dsl_fifo_mode_set
 *fill*         0x000000000800539a        0x2 
 .text.IKS01A2_ENV_SENSOR_Init
                0x000000000800539c      0x180 ./Drivers/BSP/IKS01A2/iks01a2_env_sensors.o
                0x000000000800539c                IKS01A2_ENV_SENSOR_Init
 .text.IKS01A2_ENV_SENSOR_Enable
                0x000000000800551c       0x84 ./Drivers/BSP/IKS01A2/iks01a2_env_sensors.o
                0x000000000800551c                IKS01A2_ENV_SENSOR_Enable
 .text.IKS01A2_ENV_SENSOR_GetValue
                0x00000000080055a0       0x88 ./Drivers/BSP/IKS01A2/iks01a2_env_sensors.o
                0x00000000080055a0                IKS01A2_ENV_SENSOR_GetValue
 .text.HTS221_0_Probe
                0x0000000008005628      0x174 ./Drivers/BSP/IKS01A2/iks01a2_env_sensors.o
 .text.LPS22HB_0_Probe
                0x000000000800579c      0x178 ./Drivers/BSP/IKS01A2/iks01a2_env_sensors.o
 .text.IKS01A2_MOTION_SENSOR_Init
                0x0000000008005914      0x1f8 ./Drivers/BSP/IKS01A2/iks01a2_motion_sensors.o
                0x0000000008005914                IKS01A2_MOTION_SENSOR_Init
 .text.IKS01A2_MOTION_SENSOR_Enable
                0x0000000008005b0c       0x84 ./Drivers/BSP/IKS01A2/iks01a2_motion_sensors.o
                0x0000000008005b0c                IKS01A2_MOTION_SENSOR_Enable
 .text.LSM6DSL_0_Probe
                0x0000000008005b90      0x178 ./Drivers/BSP/IKS01A2/iks01a2_motion_sensors.o
 .text.LSM303AGR_ACC_0_Probe
                0x0000000008005d08      0x148 ./Drivers/BSP/IKS01A2/iks01a2_motion_sensors.o
 .text.LSM303AGR_MAG_0_Probe
                0x0000000008005e50      0x148 ./Drivers/BSP/IKS01A2/iks01a2_motion_sensors.o
 .text.HAL_Init
                0x0000000008005f98       0x30 ./Drivers/STM32L4xx_HAL_Driver/Src/stm32l4xx_hal.o
                0x0000000008005f98                HAL_Init
 .text.HAL_InitTick
                0x0000000008005fc8       0x78 ./Drivers/STM32L4xx_HAL_Driver/Src/stm32l4xx_hal.o
                0x0000000008005fc8                HAL_InitTick
 .text.HAL_IncTick
                0x0000000008006040       0x28 ./Drivers/STM32L4xx_HAL_Driver/Src/stm32l4xx_hal.o
                0x0000000008006040                HAL_IncTick
 .text.HAL_GetTick
                0x0000000008006068       0x18 ./Drivers/STM32L4xx_HAL_Driver/Src/stm32l4xx_hal.o
                0x0000000008006068                HAL_GetTick
 .text.HAL_Delay
                0x0000000008006080       0x48 ./Drivers/STM32L4xx_HAL_Driver/Src/stm32l4xx_hal.o
                0x0000000008006080                HAL_Delay
 .text.__NVIC_SetPriorityGrouping
                0x00000000080060c8       0x48 ./Drivers/STM32L4xx_HAL_Driver/Src/stm32l4xx_hal_cortex.o
 .text.__NVIC_GetPriorityGrouping
                0x0000000008006110       0x1c ./Drivers/STM32L4xx_HAL_Driver/Src/stm32l4xx_hal_cortex.o
 .text.__NVIC_SetPriority
                0x000000000800612c       0x54 ./Drivers/STM32L4xx_HAL_Driver/Src/stm32l4xx_hal_cortex.o
 .text.NVIC_EncodePriority
                0x0000000008006180       0x66 ./Drivers/STM32L4xx_HAL_Driver/Src/stm32l4xx_hal_cortex.o
 *fill*         0x00000000080061e6        0x2 
 .text.SysTick_Config
                0x00000000080061e8       0x44 ./Drivers/STM32L4xx_HAL_Driver/Src/stm32l4xx_hal_cortex.o
 .text.HAL_NVIC_SetPriorityGrouping
                0x000000000800622c       0x16 ./Drivers/STM32L4xx_HAL_Driver/Src/stm32l4xx_hal_cortex.o
                0x000000000800622c                HAL_NVIC_SetPriorityGrouping
 .text.HAL_NVIC_SetPriority
                0x0000000008006242       0x38 ./Drivers/STM32L4xx_HAL_Driver/Src/stm32l4xx_hal_cortex.o
                0x0000000008006242                HAL_NVIC_SetPriority
 .text.HAL_SYSTICK_Config
                0x000000000800627a       0x18 ./Drivers/STM32L4xx_HAL_Driver/Src/stm32l4xx_hal_cortex.o
                0x000000000800627a                HAL_SYSTICK_Config
 *fill*         0x0000000008006292        0x2 
 .text.HAL_GPIO_Init
                0x0000000008006294      0x354 ./Drivers/STM32L4xx_HAL_Driver/Src/stm32l4xx_hal_gpio.o
                0x0000000008006294                HAL_GPIO_Init
 .text.HAL_GPIO_DeInit
                0x00000000080065e8      0x1e8 ./Drivers/STM32L4xx_HAL_Driver/Src/stm32l4xx_hal_gpio.o
                0x00000000080065e8                HAL_GPIO_DeInit
 .text.HAL_GPIO_WritePin
                0x00000000080067d0       0x30 ./Drivers/STM32L4xx_HAL_Driver/Src/stm32l4xx_hal_gpio.o
                0x00000000080067d0                HAL_GPIO_WritePin
 .text.HAL_I2C_Init
                0x0000000008006800      0x11e ./Drivers/STM32L4xx_HAL_Driver/Src/stm32l4xx_hal_i2c.o
                0x0000000008006800                HAL_I2C_Init
 .text.HAL_I2C_DeInit
                0x000000000800691e       0x5e ./Drivers/STM32L4xx_HAL_Driver/Src/stm32l4xx_hal_i2c.o
                0x000000000800691e                HAL_I2C_DeInit
 .text.HAL_I2C_MspInit
                0x000000000800697c       0x14 ./Drivers/STM32L4xx_HAL_Driver/Src/stm32l4xx_hal_i2c.o
                0x000000000800697c                HAL_I2C_MspInit
 .text.HAL_I2C_MspDeInit
                0x0000000008006990       0x14 ./Drivers/STM32L4xx_HAL_Driver/Src/stm32l4xx_hal_i2c.o
                0x0000000008006990                HAL_I2C_MspDeInit
 .text.HAL_I2C_Mem_Write
                0x00000000080069a4      0x228 ./Drivers/STM32L4xx_HAL_Driver/Src/stm32l4xx_hal_i2c.o
                0x00000000080069a4                HAL_I2C_Mem_Write
 .text.HAL_I2C_Mem_Read
                0x0000000008006bcc      0x234 ./Drivers/STM32L4xx_HAL_Driver/Src/stm32l4xx_hal_i2c.o
                0x0000000008006bcc                HAL_I2C_Mem_Read
 .text.HAL_I2C_GetState
                0x0000000008006e00       0x1c ./Drivers/STM32L4xx_HAL_Driver/Src/stm32l4xx_hal_i2c.o
                0x0000000008006e00                HAL_I2C_GetState
 .text.HAL_I2C_GetError
                0x0000000008006e1c       0x18 ./Drivers/STM32L4xx_HAL_Driver/Src/stm32l4xx_hal_i2c.o
                0x0000000008006e1c                HAL_I2C_GetError
 .text.I2C_RequestMemoryWrite
                0x0000000008006e34       0xa8 ./Drivers/STM32L4xx_HAL_Driver/Src/stm32l4xx_hal_i2c.o
 .text.I2C_RequestMemoryRead
                0x0000000008006edc       0xa8 ./Drivers/STM32L4xx_HAL_Driver/Src/stm32l4xx_hal_i2c.o
 .text.I2C_Flush_TXDR
                0x0000000008006f84       0x48 ./Drivers/STM32L4xx_HAL_Driver/Src/stm32l4xx_hal_i2c.o
 .text.I2C_WaitOnFlagUntilTimeout
                0x0000000008006fcc       0x80 ./Drivers/STM32L4xx_HAL_Driver/Src/stm32l4xx_hal_i2c.o
 .text.I2C_WaitOnTXISFlagUntilTimeout
                0x000000000800704c       0x80 ./Drivers/STM32L4xx_HAL_Driver/Src/stm32l4xx_hal_i2c.o
 .text.I2C_WaitOnSTOPFlagUntilTimeout
                0x00000000080070cc       0x78 ./Drivers/STM32L4xx_HAL_Driver/Src/stm32l4xx_hal_i2c.o
 .text.I2C_IsErrorOccurred
                0x0000000008007144      0x1d8 ./Drivers/STM32L4xx_HAL_Driver/Src/stm32l4xx_hal_i2c.o
 .text.I2C_TransferConfig
                0x000000000800731c       0x64 ./Drivers/STM32L4xx_HAL_Driver/Src/stm32l4xx_hal_i2c.o
 .text.HAL_I2CEx_ConfigAnalogFilter
                0x0000000008007380       0x96 ./Drivers/STM32L4xx_HAL_Driver/Src/stm32l4xx_hal_i2c_ex.o
                0x0000000008007380                HAL_I2CEx_ConfigAnalogFilter
 .text.HAL_I2CEx_ConfigDigitalFilter
                0x0000000008007416       0x98 ./Drivers/STM32L4xx_HAL_Driver/Src/stm32l4xx_hal_i2c_ex.o
                0x0000000008007416                HAL_I2CEx_ConfigDigitalFilter
 *fill*         0x00000000080074ae        0x2 
 .text.HAL_PWREx_GetVoltageRange
                0x00000000080074b0       0x1c ./Drivers/STM32L4xx_HAL_Driver/Src/stm32l4xx_hal_pwr_ex.o
                0x00000000080074b0                HAL_PWREx_GetVoltageRange
 .text.HAL_PWREx_ControlVoltageScaling
                0x00000000080074cc       0xac ./Drivers/STM32L4xx_HAL_Driver/Src/stm32l4xx_hal_pwr_ex.o
                0x00000000080074cc                HAL_PWREx_ControlVoltageScaling
 .text.HAL_RCC_OscConfig
                0x0000000008007578      0x7cc ./Drivers/STM32L4xx_HAL_Driver/Src/stm32l4xx_hal_rcc.o
                0x0000000008007578                HAL_RCC_OscConfig
 .text.HAL_RCC_ClockConfig
                0x0000000008007d44      0x1c4 ./Drivers/STM32L4xx_HAL_Driver/Src/stm32l4xx_hal_rcc.o
                0x0000000008007d44                HAL_RCC_ClockConfig
 .text.HAL_RCC_GetSysClockFreq
                0x0000000008007f08      0x118 ./Drivers/STM32L4xx_HAL_Driver/Src/stm32l4xx_hal_rcc.o
                0x0000000008007f08                HAL_RCC_GetSysClockFreq
 .text.HAL_RCC_GetHCLKFreq
                0x0000000008008020       0x18 ./Drivers/STM32L4xx_HAL_Driver/Src/stm32l4xx_hal_rcc.o
                0x0000000008008020                HAL_RCC_GetHCLKFreq
 .text.HAL_RCC_GetPCLK1Freq
                0x0000000008008038       0x2c ./Drivers/STM32L4xx_HAL_Driver/Src/stm32l4xx_hal_rcc.o
                0x0000000008008038                HAL_RCC_GetPCLK1Freq
 .text.HAL_RCC_GetPCLK2Freq
                0x0000000008008064       0x2c ./Drivers/STM32L4xx_HAL_Driver/Src/stm32l4xx_hal_rcc.o
                0x0000000008008064                HAL_RCC_GetPCLK2Freq
 .text.RCC_SetFlashLatencyFromMSIRange
                0x0000000008008090       0xc0 ./Drivers/STM32L4xx_HAL_Driver/Src/stm32l4xx_hal_rcc.o
 .text.HAL_RCCEx_PeriphCLKConfig
                0x0000000008008150      0x5d4 ./Drivers/STM32L4xx_HAL_Driver/Src/stm32l4xx_hal_rcc_ex.o
                0x0000000008008150                HAL_RCCEx_PeriphCLKConfig
 .text.RCCEx_PLLSAI1_Config
                0x0000000008008724      0x1e8 ./Drivers/STM32L4xx_HAL_Driver/Src/stm32l4xx_hal_rcc_ex.o
 .text.RCCEx_PLLSAI2_Config
                0x000000000800890c      0x1bc ./Drivers/STM32L4xx_HAL_Driver/Src/stm32l4xx_hal_rcc_ex.o
 .text.HAL_UART_Init
                0x0000000008008ac8       0x9c ./Drivers/STM32L4xx_HAL_Driver/Src/stm32l4xx_hal_uart.o
                0x0000000008008ac8                HAL_UART_Init
 .text.HAL_UART_Transmit
                0x0000000008008b64      0x128 ./Drivers/STM32L4xx_HAL_Driver/Src/stm32l4xx_hal_uart.o
                0x0000000008008b64                HAL_UART_Transmit
 .text.UART_SetConfig
                0x0000000008008c8c      0x514 ./Drivers/STM32L4xx_HAL_Driver/Src/stm32l4xx_hal_uart.o
                0x0000000008008c8c                UART_SetConfig
 .text.UART_AdvFeatureConfig
                0x00000000080091a0      0x144 ./Drivers/STM32L4xx_HAL_Driver/Src/stm32l4xx_hal_uart.o
                0x00000000080091a0                UART_AdvFeatureConfig
 .text.UART_CheckIdleState
                0x00000000080092e4       0x92 ./Drivers/STM32L4xx_HAL_Driver/Src/stm32l4xx_hal_uart.o
                0x00000000080092e4                UART_CheckIdleState
 .text.UART_WaitOnFlagUntilTimeout
                0x0000000008009376      0x188 ./Drivers/STM32L4xx_HAL_Driver/Src/stm32l4xx_hal_uart.o
                0x0000000008009376                UART_WaitOnFlagUntilTimeout
 *fill*         0x00000000080094fe        0x2 
 .text.__errno  0x0000000008009500        0xc c:/st/stm32cubeide_1.8.0/stm32cubeide/plugins/com.st.stm32cube.ide.mcu.externaltools.gnu-tools-for-stm32.9-2020-q2-update.win32_2.0.0.202105311346/tools/bin/../lib/gcc/arm-none-eabi/9.3.1/../../../../arm-none-eabi/lib/thumb/v7e-m+fp/hard\libc_nano.a(lib_a-errno.o)
                0x0000000008009500                __errno
 .text.__libc_init_array
                0x000000000800950c       0x48 c:/st/stm32cubeide_1.8.0/stm32cubeide/plugins/com.st.stm32cube.ide.mcu.externaltools.gnu-tools-for-stm32.9-2020-q2-update.win32_2.0.0.202105311346/tools/bin/../lib/gcc/arm-none-eabi/9.3.1/../../../../arm-none-eabi/lib/thumb/v7e-m+fp/hard\libc_nano.a(lib_a-init.o)
                0x000000000800950c                __libc_init_array
 .text.memset   0x0000000008009554       0x10 c:/st/stm32cubeide_1.8.0/stm32cubeide/plugins/com.st.stm32cube.ide.mcu.externaltools.gnu-tools-for-stm32.9-2020-q2-update.win32_2.0.0.202105311346/tools/bin/../lib/gcc/arm-none-eabi/9.3.1/../../../../arm-none-eabi/lib/thumb/v7e-m+fp/hard\libc_nano.a(lib_a-memset.o)
                0x0000000008009554                memset
 .text.sprintf  0x0000000008009564       0x40 c:/st/stm32cubeide_1.8.0/stm32cubeide/plugins/com.st.stm32cube.ide.mcu.externaltools.gnu-tools-for-stm32.9-2020-q2-update.win32_2.0.0.202105311346/tools/bin/../lib/gcc/arm-none-eabi/9.3.1/../../../../arm-none-eabi/lib/thumb/v7e-m+fp/hard\libc_nano.a(lib_a-sprintf.o)
                0x0000000008009564                siprintf
                0x0000000008009564                sprintf
 .text.__ssputs_r
                0x00000000080095a4       0xb6 c:/st/stm32cubeide_1.8.0/stm32cubeide/plugins/com.st.stm32cube.ide.mcu.externaltools.gnu-tools-for-stm32.9-2020-q2-update.win32_2.0.0.202105311346/tools/bin/../lib/gcc/arm-none-eabi/9.3.1/../../../../arm-none-eabi/lib/thumb/v7e-m+fp/hard\libc_nano.a(lib_a-nano-svfprintf.o)
                0x00000000080095a4                __ssputs_r
 *fill*         0x000000000800965a        0x2 
 .text._svfprintf_r
                0x000000000800965c      0x200 c:/st/stm32cubeide_1.8.0/stm32cubeide/plugins/com.st.stm32cube.ide.mcu.externaltools.gnu-tools-for-stm32.9-2020-q2-update.win32_2.0.0.202105311346/tools/bin/../lib/gcc/arm-none-eabi/9.3.1/../../../../arm-none-eabi/lib/thumb/v7e-m+fp/hard\libc_nano.a(lib_a-nano-svfprintf.o)
                0x000000000800965c                _svfiprintf_r
                0x000000000800965c                _svfprintf_r
 .text._printf_common
                0x000000000800985c       0xda c:/st/stm32cubeide_1.8.0/stm32cubeide/plugins/com.st.stm32cube.ide.mcu.externaltools.gnu-tools-for-stm32.9-2020-q2-update.win32_2.0.0.202105311346/tools/bin/../lib/gcc/arm-none-eabi/9.3.1/../../../../arm-none-eabi/lib/thumb/v7e-m+fp/hard\libc_nano.a(lib_a-nano-vfprintf_i.o)
                0x000000000800985c                _printf_common
 *fill*         0x0000000008009936        0x2 
 .text._printf_i
                0x0000000008009938      0x24c c:/st/stm32cubeide_1.8.0/stm32cubeide/plugins/com.st.stm32cube.ide.mcu.externaltools.gnu-tools-for-stm32.9-2020-q2-update.win32_2.0.0.202105311346/tools/bin/../lib/gcc/arm-none-eabi/9.3.1/../../../../arm-none-eabi/lib/thumb/v7e-m+fp/hard\libc_nano.a(lib_a-nano-vfprintf_i.o)
                0x0000000008009938                _printf_i
 .text.memcpy   0x0000000008009b84       0x1c c:/st/stm32cubeide_1.8.0/stm32cubeide/plugins/com.st.stm32cube.ide.mcu.externaltools.gnu-tools-for-stm32.9-2020-q2-update.win32_2.0.0.202105311346/tools/bin/../lib/gcc/arm-none-eabi/9.3.1/../../../../arm-none-eabi/lib/thumb/v7e-m+fp/hard\libc_nano.a(lib_a-memcpy-stub.o)
                0x0000000008009b84                memcpy
 .text.memmove  0x0000000008009ba0       0x34 c:/st/stm32cubeide_1.8.0/stm32cubeide/plugins/com.st.stm32cube.ide.mcu.externaltools.gnu-tools-for-stm32.9-2020-q2-update.win32_2.0.0.202105311346/tools/bin/../lib/gcc/arm-none-eabi/9.3.1/../../../../arm-none-eabi/lib/thumb/v7e-m+fp/hard\libc_nano.a(lib_a-memmove.o)
                0x0000000008009ba0                memmove
 .text._free_r  0x0000000008009bd4       0xa0 c:/st/stm32cubeide_1.8.0/stm32cubeide/plugins/com.st.stm32cube.ide.mcu.externaltools.gnu-tools-for-stm32.9-2020-q2-update.win32_2.0.0.202105311346/tools/bin/../lib/gcc/arm-none-eabi/9.3.1/../../../../arm-none-eabi/lib/thumb/v7e-m+fp/hard\libc_nano.a(lib_a-nano-freer.o)
                0x0000000008009bd4                _free_r
 .text._malloc_r
                0x0000000008009c74       0xb4 c:/st/stm32cubeide_1.8.0/stm32cubeide/plugins/com.st.stm32cube.ide.mcu.externaltools.gnu-tools-for-stm32.9-2020-q2-update.win32_2.0.0.202105311346/tools/bin/../lib/gcc/arm-none-eabi/9.3.1/../../../../arm-none-eabi/lib/thumb/v7e-m+fp/hard\libc_nano.a(lib_a-nano-mallocr.o)
                0x0000000008009c74                _malloc_r
 .text._realloc_r
                0x0000000008009d28       0x4c c:/st/stm32cubeide_1.8.0/stm32cubeide/plugins/com.st.stm32cube.ide.mcu.externaltools.gnu-tools-for-stm32.9-2020-q2-update.win32_2.0.0.202105311346/tools/bin/../lib/gcc/arm-none-eabi/9.3.1/../../../../arm-none-eabi/lib/thumb/v7e-m+fp/hard\libc_nano.a(lib_a-nano-reallocr.o)
                0x0000000008009d28                _realloc_r
 .text._sbrk_r  0x0000000008009d74       0x20 c:/st/stm32cubeide_1.8.0/stm32cubeide/plugins/com.st.stm32cube.ide.mcu.externaltools.gnu-tools-for-stm32.9-2020-q2-update.win32_2.0.0.202105311346/tools/bin/../lib/gcc/arm-none-eabi/9.3.1/../../../../arm-none-eabi/lib/thumb/v7e-m+fp/hard\libc_nano.a(lib_a-sbrkr.o)
                0x0000000008009d74                _sbrk_r
 .text.__malloc_lock
                0x0000000008009d94        0xc c:/st/stm32cubeide_1.8.0/stm32cubeide/plugins/com.st.stm32cube.ide.mcu.externaltools.gnu-tools-for-stm32.9-2020-q2-update.win32_2.0.0.202105311346/tools/bin/../lib/gcc/arm-none-eabi/9.3.1/../../../../arm-none-eabi/lib/thumb/v7e-m+fp/hard\libc_nano.a(lib_a-mlock.o)
                0x0000000008009d94                __malloc_lock
 .text.__malloc_unlock
                0x0000000008009da0        0xc c:/st/stm32cubeide_1.8.0/stm32cubeide/plugins/com.st.stm32cube.ide.mcu.externaltools.gnu-tools-for-stm32.9-2020-q2-update.win32_2.0.0.202105311346/tools/bin/../lib/gcc/arm-none-eabi/9.3.1/../../../../arm-none-eabi/lib/thumb/v7e-m+fp/hard\libc_nano.a(lib_a-mlock.o)
                0x0000000008009da0                __malloc_unlock
 .text._malloc_usable_size_r
                0x0000000008009dac       0x10 c:/st/stm32cubeide_1.8.0/stm32cubeide/plugins/com.st.stm32cube.ide.mcu.externaltools.gnu-tools-for-stm32.9-2020-q2-update.win32_2.0.0.202105311346/tools/bin/../lib/gcc/arm-none-eabi/9.3.1/../../../../arm-none-eabi/lib/thumb/v7e-m+fp/hard\libc_nano.a(lib_a-nano-msizer.o)
                0x0000000008009dac                _malloc_usable_size_r
 .text.__retarget_lock_acquire_recursive
                0x0000000008009dbc        0x2 c:/st/stm32cubeide_1.8.0/stm32cubeide/plugins/com.st.stm32cube.ide.mcu.externaltools.gnu-tools-for-stm32.9-2020-q2-update.win32_2.0.0.202105311346/tools/bin/../lib/gcc/arm-none-eabi/9.3.1/../../../../arm-none-eabi/lib/thumb/v7e-m+fp/hard\libc_nano.a(lib_a-lock.o)
                0x0000000008009dbc                __retarget_lock_acquire_recursive
 .text.__retarget_lock_release_recursive
                0x0000000008009dbe        0x2 c:/st/stm32cubeide_1.8.0/stm32cubeide/plugins/com.st.stm32cube.ide.mcu.externaltools.gnu-tools-for-stm32.9-2020-q2-update.win32_2.0.0.202105311346/tools/bin/../lib/gcc/arm-none-eabi/9.3.1/../../../../arm-none-eabi/lib/thumb/v7e-m+fp/hard\libc_nano.a(lib_a-lock.o)
                0x0000000008009dbe                __retarget_lock_release_recursive
 *(.glue_7)
 .glue_7        0x0000000008009dc0        0x0 linker stubs
 *(.glue_7t)
 .glue_7t       0x0000000008009dc0        0x0 linker stubs
 *(.eh_frame)
 .eh_frame      0x0000000008009dc0        0x0 c:/st/stm32cubeide_1.8.0/stm32cubeide/plugins/com.st.stm32cube.ide.mcu.externaltools.gnu-tools-for-stm32.9-2020-q2-update.win32_2.0.0.202105311346/tools/bin/../lib/gcc/arm-none-eabi/9.3.1/thumb/v7e-m+fp/hard/crtbegin.o
 *(.init)
 .init          0x0000000008009dc0        0x4 c:/st/stm32cubeide_1.8.0/stm32cubeide/plugins/com.st.stm32cube.ide.mcu.externaltools.gnu-tools-for-stm32.9-2020-q2-update.win32_2.0.0.202105311346/tools/bin/../lib/gcc/arm-none-eabi/9.3.1/thumb/v7e-m+fp/hard/crti.o
                0x0000000008009dc0                _init
 .init          0x0000000008009dc4        0x8 c:/st/stm32cubeide_1.8.0/stm32cubeide/plugins/com.st.stm32cube.ide.mcu.externaltools.gnu-tools-for-stm32.9-2020-q2-update.win32_2.0.0.202105311346/tools/bin/../lib/gcc/arm-none-eabi/9.3.1/thumb/v7e-m+fp/hard/crtn.o
 *(.fini)
 .fini          0x0000000008009dcc        0x4 c:/st/stm32cubeide_1.8.0/stm32cubeide/plugins/com.st.stm32cube.ide.mcu.externaltools.gnu-tools-for-stm32.9-2020-q2-update.win32_2.0.0.202105311346/tools/bin/../lib/gcc/arm-none-eabi/9.3.1/thumb/v7e-m+fp/hard/crti.o
                0x0000000008009dcc                _fini
 .fini          0x0000000008009dd0        0x8 c:/st/stm32cubeide_1.8.0/stm32cubeide/plugins/com.st.stm32cube.ide.mcu.externaltools.gnu-tools-for-stm32.9-2020-q2-update.win32_2.0.0.202105311346/tools/bin/../lib/gcc/arm-none-eabi/9.3.1/thumb/v7e-m+fp/hard/crtn.o
                0x0000000008009dd8                . = ALIGN (0x4)
                0x0000000008009dd8                _etext = .

.vfp11_veneer   0x0000000008009dd8        0x0
 .vfp11_veneer  0x0000000008009dd8        0x0 linker stubs

.v4_bx          0x0000000008009dd8        0x0
 .v4_bx         0x0000000008009dd8        0x0 linker stubs

.iplt           0x0000000008009dd8        0x0
 .iplt          0x0000000008009dd8        0x0 c:/st/stm32cubeide_1.8.0/stm32cubeide/plugins/com.st.stm32cube.ide.mcu.externaltools.gnu-tools-for-stm32.9-2020-q2-update.win32_2.0.0.202105311346/tools/bin/../lib/gcc/arm-none-eabi/9.3.1/thumb/v7e-m+fp/hard/crtbegin.o

.rodata         0x0000000008009dd8       0x80
                0x0000000008009dd8                . = ALIGN (0x4)
 *(.rodata)
 .rodata        0x0000000008009dd8        0x3 ./Core/Src/main.o
 *(.rodata*)
 *fill*         0x0000000008009ddb        0x1 
 .rodata.AHBPrescTable
                0x0000000008009ddc       0x10 ./Core/Src/system_stm32l4xx.o
                0x0000000008009ddc                AHBPrescTable
 .rodata.APBPrescTable
                0x0000000008009dec        0x8 ./Core/Src/system_stm32l4xx.o
                0x0000000008009dec                APBPrescTable
 .rodata.MSIRangeTable
                0x0000000008009df4       0x30 ./Core/Src/system_stm32l4xx.o
                0x0000000008009df4                MSIRangeTable
 .rodata._svfprintf_r.str1.1
                0x0000000008009e24       0x11 c:/st/stm32cubeide_1.8.0/stm32cubeide/plugins/com.st.stm32cube.ide.mcu.externaltools.gnu-tools-for-stm32.9-2020-q2-update.win32_2.0.0.202105311346/tools/bin/../lib/gcc/arm-none-eabi/9.3.1/../../../../arm-none-eabi/lib/thumb/v7e-m+fp/hard\libc_nano.a(lib_a-nano-svfprintf.o)
 .rodata._printf_i.str1.1
                0x0000000008009e35       0x22 c:/st/stm32cubeide_1.8.0/stm32cubeide/plugins/com.st.stm32cube.ide.mcu.externaltools.gnu-tools-for-stm32.9-2020-q2-update.win32_2.0.0.202105311346/tools/bin/../lib/gcc/arm-none-eabi/9.3.1/../../../../arm-none-eabi/lib/thumb/v7e-m+fp/hard\libc_nano.a(lib_a-nano-vfprintf_i.o)
                0x0000000008009e58                . = ALIGN (0x4)
 *fill*         0x0000000008009e57        0x1 

.ARM.extab      0x0000000008009e58        0x0
                0x0000000008009e58                . = ALIGN (0x4)
 *(.ARM.extab* .gnu.linkonce.armextab.*)
                0x0000000008009e58                . = ALIGN (0x4)

.ARM            0x0000000008009e58        0x8
                0x0000000008009e58                . = ALIGN (0x4)
                0x0000000008009e58                __exidx_start = .
 *(.ARM.exidx*)
 .ARM.exidx     0x0000000008009e58        0x8 c:/st/stm32cubeide_1.8.0/stm32cubeide/plugins/com.st.stm32cube.ide.mcu.externaltools.gnu-tools-for-stm32.9-2020-q2-update.win32_2.0.0.202105311346/tools/bin/../lib/gcc/arm-none-eabi/9.3.1/thumb/v7e-m+fp/hard\libgcc.a(_udivmoddi4.o)
                0x0000000008009e60                __exidx_end = .
                0x0000000008009e60                . = ALIGN (0x4)

.rel.dyn        0x0000000008009e60        0x0
 .rel.iplt      0x0000000008009e60        0x0 c:/st/stm32cubeide_1.8.0/stm32cubeide/plugins/com.st.stm32cube.ide.mcu.externaltools.gnu-tools-for-stm32.9-2020-q2-update.win32_2.0.0.202105311346/tools/bin/../lib/gcc/arm-none-eabi/9.3.1/thumb/v7e-m+fp/hard/crtbegin.o

.preinit_array  0x0000000008009e60        0x0
                0x0000000008009e60                . = ALIGN (0x4)
                0x0000000008009e60                PROVIDE (__preinit_array_start = .)
 *(.preinit_array*)
                0x0000000008009e60                PROVIDE (__preinit_array_end = .)
                0x0000000008009e60                . = ALIGN (0x4)

.init_array     0x0000000008009e60        0x4
                0x0000000008009e60                . = ALIGN (0x4)
                0x0000000008009e60                PROVIDE (__init_array_start = .)
 *(SORT_BY_NAME(.init_array.*))
 *(.init_array*)
 .init_array    0x0000000008009e60        0x4 c:/st/stm32cubeide_1.8.0/stm32cubeide/plugins/com.st.stm32cube.ide.mcu.externaltools.gnu-tools-for-stm32.9-2020-q2-update.win32_2.0.0.202105311346/tools/bin/../lib/gcc/arm-none-eabi/9.3.1/thumb/v7e-m+fp/hard/crtbegin.o
                0x0000000008009e64                PROVIDE (__init_array_end = .)
                0x0000000008009e64                . = ALIGN (0x4)

.fini_array     0x0000000008009e64        0x4
                0x0000000008009e64                . = ALIGN (0x4)
                [!provide]                        PROVIDE (__fini_array_start = .)
 *(SORT_BY_NAME(.fini_array.*))
 *(.fini_array*)
 .fini_array    0x0000000008009e64        0x4 c:/st/stm32cubeide_1.8.0/stm32cubeide/plugins/com.st.stm32cube.ide.mcu.externaltools.gnu-tools-for-stm32.9-2020-q2-update.win32_2.0.0.202105311346/tools/bin/../lib/gcc/arm-none-eabi/9.3.1/thumb/v7e-m+fp/hard/crtbegin.o
                [!provide]                        PROVIDE (__fini_array_end = .)
                0x0000000008009e68                . = ALIGN (0x4)
                0x0000000008009e68                _sidata = LOADADDR (.data)

.data           0x0000000020000000      0x1c8 load address 0x0000000008009e68
                0x0000000020000000                . = ALIGN (0x4)
                0x0000000020000000                _sdata = .
 *(.data)
 *(.data*)
 .data.SystemCoreClock
                0x0000000020000000        0x4 ./Core/Src/system_stm32l4xx.o
                0x0000000020000000                SystemCoreClock
 .data.HTS221_COMMON_Driver
                0x0000000020000004       0x10 ./Drivers/BSP/Components/hts221/hts221.o
                0x0000000020000004                HTS221_COMMON_Driver
 .data.HTS221_HUM_Driver
                0x0000000020000014       0x14 ./Drivers/BSP/Components/hts221/hts221.o
                0x0000000020000014                HTS221_HUM_Driver
 .data.HTS221_TEMP_Driver
                0x0000000020000028       0x14 ./Drivers/BSP/Components/hts221/hts221.o
                0x0000000020000028                HTS221_TEMP_Driver
 .data.LPS22HB_COMMON_Driver
                0x000000002000003c       0x10 ./Drivers/BSP/Components/lps22hb/lps22hb.o
                0x000000002000003c                LPS22HB_COMMON_Driver
 .data.LPS22HB_PRESS_Driver
                0x000000002000004c       0x14 ./Drivers/BSP/Components/lps22hb/lps22hb.o
                0x000000002000004c                LPS22HB_PRESS_Driver
 .data.LPS22HB_TEMP_Driver
                0x0000000020000060       0x14 ./Drivers/BSP/Components/lps22hb/lps22hb.o
                0x0000000020000060                LPS22HB_TEMP_Driver
 .data.LSM303AGR_ACC_COMMON_Driver
                0x0000000020000074       0x10 ./Drivers/BSP/Components/lsm303agr/lsm303agr.o
                0x0000000020000074                LSM303AGR_ACC_COMMON_Driver
 .data.LSM303AGR_ACC_Driver
                0x0000000020000084       0x24 ./Drivers/BSP/Components/lsm303agr/lsm303agr.o
                0x0000000020000084                LSM303AGR_ACC_Driver
 .data.LSM303AGR_MAG_COMMON_Driver
                0x00000000200000a8       0x10 ./Drivers/BSP/Components/lsm303agr/lsm303agr.o
                0x00000000200000a8                LSM303AGR_MAG_COMMON_Driver
 .data.LSM303AGR_MAG_Driver
                0x00000000200000b8       0x24 ./Drivers/BSP/Components/lsm303agr/lsm303agr.o
                0x00000000200000b8                LSM303AGR_MAG_Driver
 .data.LSM6DSL_COMMON_Driver
                0x00000000200000dc       0x10 ./Drivers/BSP/Components/lsm6dsl/lsm6dsl.o
                0x00000000200000dc                LSM6DSL_COMMON_Driver
 .data.LSM6DSL_ACC_Driver
                0x00000000200000ec       0x24 ./Drivers/BSP/Components/lsm6dsl/lsm6dsl.o
                0x00000000200000ec                LSM6DSL_ACC_Driver
 .data.LSM6DSL_GYRO_Driver
                0x0000000020000110       0x24 ./Drivers/BSP/Components/lsm6dsl/lsm6dsl.o
                0x0000000020000110                LSM6DSL_GYRO_Driver
 .data.FunctionIndex
                0x0000000020000134       0x14 ./Drivers/BSP/IKS01A2/iks01a2_env_sensors.o
 .data.FunctionIndex
                0x0000000020000148       0x14 ./Drivers/BSP/IKS01A2/iks01a2_motion_sensors.o
 .data.uwTickPrio
                0x000000002000015c        0x4 ./Drivers/STM32L4xx_HAL_Driver/Src/stm32l4xx_hal.o
                0x000000002000015c                uwTickPrio
 .data.uwTickFreq
                0x0000000020000160        0x1 ./Drivers/STM32L4xx_HAL_Driver/Src/stm32l4xx_hal.o
                0x0000000020000160                uwTickFreq
 *fill*         0x0000000020000161        0x3 
 .data._impure_ptr
                0x0000000020000164        0x4 c:/st/stm32cubeide_1.8.0/stm32cubeide/plugins/com.st.stm32cube.ide.mcu.externaltools.gnu-tools-for-stm32.9-2020-q2-update.win32_2.0.0.202105311346/tools/bin/../lib/gcc/arm-none-eabi/9.3.1/../../../../arm-none-eabi/lib/thumb/v7e-m+fp/hard\libc_nano.a(lib_a-impure.o)
                0x0000000020000164                _impure_ptr
 .data.impure_data
                0x0000000020000168       0x60 c:/st/stm32cubeide_1.8.0/stm32cubeide/plugins/com.st.stm32cube.ide.mcu.externaltools.gnu-tools-for-stm32.9-2020-q2-update.win32_2.0.0.202105311346/tools/bin/../lib/gcc/arm-none-eabi/9.3.1/../../../../arm-none-eabi/lib/thumb/v7e-m+fp/hard\libc_nano.a(lib_a-impure.o)
 *(.RamFunc)
 *(.RamFunc*)
                0x00000000200001c8                . = ALIGN (0x4)
                0x00000000200001c8                _edata = .

.igot.plt       0x00000000200001c8        0x0 load address 0x000000000800a030
 .igot.plt      0x00000000200001c8        0x0 c:/st/stm32cubeide_1.8.0/stm32cubeide/plugins/com.st.stm32cube.ide.mcu.externaltools.gnu-tools-for-stm32.9-2020-q2-update.win32_2.0.0.202105311346/tools/bin/../lib/gcc/arm-none-eabi/9.3.1/thumb/v7e-m+fp/hard/crtbegin.o
                0x00000000200001c8                . = ALIGN (0x4)

.bss            0x00000000200001c8      0x314 load address 0x000000000800a030
                0x00000000200001c8                _sbss = .
                0x00000000200001c8                __bss_start__ = _sbss
 *(.bss)
 .bss           0x00000000200001c8       0x1c c:/st/stm32cubeide_1.8.0/stm32cubeide/plugins/com.st.stm32cube.ide.mcu.externaltools.gnu-tools-for-stm32.9-2020-q2-update.win32_2.0.0.202105311346/tools/bin/../lib/gcc/arm-none-eabi/9.3.1/thumb/v7e-m+fp/hard/crtbegin.o
 *(.bss*)
 .bss.I2C1InitCounter
                0x00000000200001e4        0x4 ./Core/Src/stm32l4xx_nucleo_bus.o
 .bss.__sbrk_heap_end
                0x00000000200001e8        0x4 ./Core/Src/sysmem.o
 .bss.EnvFuncDrv
                0x00000000200001ec       0x18 ./Drivers/BSP/IKS01A2/iks01a2_env_sensors.o
 .bss.EnvDrv    0x0000000020000204        0x8 ./Drivers/BSP/IKS01A2/iks01a2_env_sensors.o
 .bss.EnvCtx    0x000000002000020c        0x8 ./Drivers/BSP/IKS01A2/iks01a2_env_sensors.o
 .bss.hts221_obj_0.10428
                0x0000000020000214       0x2c ./Drivers/BSP/IKS01A2/iks01a2_env_sensors.o
 .bss.lps22hb_obj_0.10436
                0x0000000020000240       0x2c ./Drivers/BSP/IKS01A2/iks01a2_env_sensors.o
 .bss.MotionFuncDrv
                0x000000002000026c       0x24 ./Drivers/BSP/IKS01A2/iks01a2_motion_sensors.o
 .bss.MotionDrv
                0x0000000020000290        0xc ./Drivers/BSP/IKS01A2/iks01a2_motion_sensors.o
 .bss.MotionCtx
                0x000000002000029c        0xc ./Drivers/BSP/IKS01A2/iks01a2_motion_sensors.o
 .bss.lsm6dsl_obj_0.12927
                0x00000000200002a8       0x30 ./Drivers/BSP/IKS01A2/iks01a2_motion_sensors.o
 .bss.lsm303agr_acc_obj_0.12935
                0x00000000200002d8       0x2c ./Drivers/BSP/IKS01A2/iks01a2_motion_sensors.o
 .bss.lsm303agr_mag_obj_0.12943
                0x0000000020000304       0x2c ./Drivers/BSP/IKS01A2/iks01a2_motion_sensors.o
 .bss.__malloc_free_list
                0x0000000020000330        0x4 c:/st/stm32cubeide_1.8.0/stm32cubeide/plugins/com.st.stm32cube.ide.mcu.externaltools.gnu-tools-for-stm32.9-2020-q2-update.win32_2.0.0.202105311346/tools/bin/../lib/gcc/arm-none-eabi/9.3.1/../../../../arm-none-eabi/lib/thumb/v7e-m+fp/hard\libc_nano.a(lib_a-nano-mallocr.o)
                0x0000000020000330                __malloc_free_list
 .bss.__malloc_sbrk_start
                0x0000000020000334        0x4 c:/st/stm32cubeide_1.8.0/stm32cubeide/plugins/com.st.stm32cube.ide.mcu.externaltools.gnu-tools-for-stm32.9-2020-q2-update.win32_2.0.0.202105311346/tools/bin/../lib/gcc/arm-none-eabi/9.3.1/../../../../arm-none-eabi/lib/thumb/v7e-m+fp/hard\libc_nano.a(lib_a-nano-mallocr.o)
                0x0000000020000334                __malloc_sbrk_start
 *(COMMON)
 COMMON         0x0000000020000338      0x130 ./Core/Src/main.o
                0x0000000020000338                data_humidity
                0x000000002000033c                val
                0x0000000020000340                data_axe_gyro
                0x000000002000034c                data
                0x0000000020000350                huart4
                0x00000000200003d4                data_gyro
                0x00000000200003d8                data_axe_acc
                0x00000000200003e4                huart2
 COMMON         0x0000000020000468       0x4c ./Core/Src/stm32l4xx_nucleo_bus.o
                0x0000000020000468                hi2c1
 COMMON         0x00000000200004b4        0x8 ./Drivers/BSP/IKS01A2/iks01a2_env_sensors.o
                0x00000000200004b4                EnvCompObj
 COMMON         0x00000000200004bc        0xc ./Drivers/BSP/IKS01A2/iks01a2_motion_sensors.o
                0x00000000200004bc                MotionCompObj
 COMMON         0x00000000200004c8        0x4 ./Drivers/STM32L4xx_HAL_Driver/Src/stm32l4xx_hal.o
                0x00000000200004c8                uwTick
 COMMON         0x00000000200004cc        0x4 c:/st/stm32cubeide_1.8.0/stm32cubeide/plugins/com.st.stm32cube.ide.mcu.externaltools.gnu-tools-for-stm32.9-2020-q2-update.win32_2.0.0.202105311346/tools/bin/../lib/gcc/arm-none-eabi/9.3.1/../../../../arm-none-eabi/lib/thumb/v7e-m+fp/hard\libc_nano.a(lib_a-reent.o)
                0x00000000200004cc                errno
 COMMON         0x00000000200004d0        0x9 c:/st/stm32cubeide_1.8.0/stm32cubeide/plugins/com.st.stm32cube.ide.mcu.externaltools.gnu-tools-for-stm32.9-2020-q2-update.win32_2.0.0.202105311346/tools/bin/../lib/gcc/arm-none-eabi/9.3.1/../../../../arm-none-eabi/lib/thumb/v7e-m+fp/hard\libc_nano.a(lib_a-lock.o)
                0x00000000200004d0                __lock___atexit_recursive_mutex
                0x00000000200004d1                __lock___arc4random_mutex
                0x00000000200004d2                __lock___env_recursive_mutex
                0x00000000200004d3                __lock___sinit_recursive_mutex
                0x00000000200004d4                __lock___malloc_recursive_mutex
                0x00000000200004d5                __lock___at_quick_exit_mutex
                0x00000000200004d6                __lock___dd_hash_mutex
                0x00000000200004d7                __lock___tz_mutex
                0x00000000200004d8                __lock___sfp_recursive_mutex
                0x00000000200004dc                . = ALIGN (0x4)
 *fill*         0x00000000200004d9        0x3 
                0x00000000200004dc                _ebss = .
                0x00000000200004dc                __bss_end__ = _ebss

._user_heap_stack
                0x00000000200004dc      0x604 load address 0x000000000800a030
                0x00000000200004e0                . = ALIGN (0x8)
 *fill*         0x00000000200004dc        0x4 
                [!provide]                        PROVIDE (end = .)
                0x00000000200004e0                PROVIDE (_end = .)
                0x00000000200006e0                . = (. + _Min_Heap_Size)
 *fill*         0x00000000200004e0      0x200 
                0x0000000020000ae0                . = (. + _Min_Stack_Size)
 *fill*         0x00000000200006e0      0x400 
                0x0000000020000ae0                . = ALIGN (0x8)

/DISCARD/
 libc.a(*)
 libm.a(*)
 libgcc.a(*)

.ARM.attributes
                0x0000000000000000       0x30
 *(.ARM.attributes)
 .ARM.attributes
                0x0000000000000000       0x1e c:/st/stm32cubeide_1.8.0/stm32cubeide/plugins/com.st.stm32cube.ide.mcu.externaltools.gnu-tools-for-stm32.9-2020-q2-update.win32_2.0.0.202105311346/tools/bin/../lib/gcc/arm-none-eabi/9.3.1/thumb/v7e-m+fp/hard/crti.o
 .ARM.attributes
                0x000000000000001e       0x34 c:/st/stm32cubeide_1.8.0/stm32cubeide/plugins/com.st.stm32cube.ide.mcu.externaltools.gnu-tools-for-stm32.9-2020-q2-update.win32_2.0.0.202105311346/tools/bin/../lib/gcc/arm-none-eabi/9.3.1/thumb/v7e-m+fp/hard/crtbegin.o
 .ARM.attributes
                0x0000000000000052       0x34 ./Core/Src/main.o
 .ARM.attributes
                0x0000000000000086       0x34 ./Core/Src/stm32l4xx_hal_msp.o
 .ARM.attributes
                0x00000000000000ba       0x34 ./Core/Src/stm32l4xx_it.o
 .ARM.attributes
                0x00000000000000ee       0x34 ./Core/Src/stm32l4xx_nucleo_bus.o
 .ARM.attributes
                0x0000000000000122       0x34 ./Core/Src/sysmem.o
 .ARM.attributes
                0x0000000000000156       0x34 ./Core/Src/system_stm32l4xx.o
 .ARM.attributes
                0x000000000000018a       0x21 ./Core/Startup/startup_stm32l476rgtx.o
 .ARM.attributes
                0x00000000000001ab       0x34 ./Drivers/BSP/Components/hts221/hts221.o
 .ARM.attributes
                0x00000000000001df       0x34 ./Drivers/BSP/Components/hts221/hts221_reg.o
 .ARM.attributes
                0x0000000000000213       0x34 ./Drivers/BSP/Components/lps22hb/lps22hb.o
 .ARM.attributes
                0x0000000000000247       0x34 ./Drivers/BSP/Components/lps22hb/lps22hb_reg.o
 .ARM.attributes
                0x000000000000027b       0x34 ./Drivers/BSP/Components/lsm303agr/lsm303agr.o
 .ARM.attributes
                0x00000000000002af       0x34 ./Drivers/BSP/Components/lsm303agr/lsm303agr_reg.o
 .ARM.attributes
                0x00000000000002e3       0x34 ./Drivers/BSP/Components/lsm6dsl/lsm6dsl.o
 .ARM.attributes
                0x0000000000000317       0x34 ./Drivers/BSP/Components/lsm6dsl/lsm6dsl_reg.o
 .ARM.attributes
                0x000000000000034b       0x34 ./Drivers/BSP/IKS01A2/iks01a2_env_sensors.o
 .ARM.attributes
                0x000000000000037f       0x34 ./Drivers/BSP/IKS01A2/iks01a2_motion_sensors.o
 .ARM.attributes
                0x00000000000003b3       0x34 ./Drivers/STM32L4xx_HAL_Driver/Src/stm32l4xx_hal.o
 .ARM.attributes
                0x00000000000003e7       0x34 ./Drivers/STM32L4xx_HAL_Driver/Src/stm32l4xx_hal_cortex.o
 .ARM.attributes
                0x000000000000041b       0x34 ./Drivers/STM32L4xx_HAL_Driver/Src/stm32l4xx_hal_gpio.o
 .ARM.attributes
                0x000000000000044f       0x34 ./Drivers/STM32L4xx_HAL_Driver/Src/stm32l4xx_hal_i2c.o
 .ARM.attributes
                0x0000000000000483       0x34 ./Drivers/STM32L4xx_HAL_Driver/Src/stm32l4xx_hal_i2c_ex.o
 .ARM.attributes
                0x00000000000004b7       0x34 ./Drivers/STM32L4xx_HAL_Driver/Src/stm32l4xx_hal_pwr_ex.o
 .ARM.attributes
                0x00000000000004eb       0x34 ./Drivers/STM32L4xx_HAL_Driver/Src/stm32l4xx_hal_rcc.o
 .ARM.attributes
                0x000000000000051f       0x34 ./Drivers/STM32L4xx_HAL_Driver/Src/stm32l4xx_hal_rcc_ex.o
 .ARM.attributes
                0x0000000000000553       0x34 ./Drivers/STM32L4xx_HAL_Driver/Src/stm32l4xx_hal_uart.o
 .ARM.attributes
                0x0000000000000587       0x34 c:/st/stm32cubeide_1.8.0/stm32cubeide/plugins/com.st.stm32cube.ide.mcu.externaltools.gnu-tools-for-stm32.9-2020-q2-update.win32_2.0.0.202105311346/tools/bin/../lib/gcc/arm-none-eabi/9.3.1/../../../../arm-none-eabi/lib/thumb/v7e-m+fp/hard\libc_nano.a(lib_a-errno.o)
 .ARM.attributes
                0x00000000000005bb       0x32 c:/st/stm32cubeide_1.8.0/stm32cubeide/plugins/com.st.stm32cube.ide.mcu.externaltools.gnu-tools-for-stm32.9-2020-q2-update.win32_2.0.0.202105311346/tools/bin/../lib/gcc/arm-none-eabi/9.3.1/../../../../arm-none-eabi/lib/thumb/v7e-m+fp/hard\libc_nano.a(lib_a-impure.o)
 .ARM.attributes
                0x00000000000005ed       0x34 c:/st/stm32cubeide_1.8.0/stm32cubeide/plugins/com.st.stm32cube.ide.mcu.externaltools.gnu-tools-for-stm32.9-2020-q2-update.win32_2.0.0.202105311346/tools/bin/../lib/gcc/arm-none-eabi/9.3.1/../../../../arm-none-eabi/lib/thumb/v7e-m+fp/hard\libc_nano.a(lib_a-init.o)
 .ARM.attributes
                0x0000000000000621       0x34 c:/st/stm32cubeide_1.8.0/stm32cubeide/plugins/com.st.stm32cube.ide.mcu.externaltools.gnu-tools-for-stm32.9-2020-q2-update.win32_2.0.0.202105311346/tools/bin/../lib/gcc/arm-none-eabi/9.3.1/../../../../arm-none-eabi/lib/thumb/v7e-m+fp/hard\libc_nano.a(lib_a-memset.o)
 .ARM.attributes
                0x0000000000000655       0x34 c:/st/stm32cubeide_1.8.0/stm32cubeide/plugins/com.st.stm32cube.ide.mcu.externaltools.gnu-tools-for-stm32.9-2020-q2-update.win32_2.0.0.202105311346/tools/bin/../lib/gcc/arm-none-eabi/9.3.1/../../../../arm-none-eabi/lib/thumb/v7e-m+fp/hard\libc_nano.a(lib_a-sprintf.o)
 .ARM.attributes
                0x0000000000000689       0x17 c:/st/stm32cubeide_1.8.0/stm32cubeide/plugins/com.st.stm32cube.ide.mcu.externaltools.gnu-tools-for-stm32.9-2020-q2-update.win32_2.0.0.202105311346/tools/bin/../lib/gcc/arm-none-eabi/9.3.1/../../../../arm-none-eabi/lib/thumb/v7e-m+fp/hard\libc_nano.a(lib_a-strlen.o)
 .ARM.attributes
                0x00000000000006a0       0x34 c:/st/stm32cubeide_1.8.0/stm32cubeide/plugins/com.st.stm32cube.ide.mcu.externaltools.gnu-tools-for-stm32.9-2020-q2-update.win32_2.0.0.202105311346/tools/bin/../lib/gcc/arm-none-eabi/9.3.1/../../../../arm-none-eabi/lib/thumb/v7e-m+fp/hard\libc_nano.a(lib_a-nano-svfprintf.o)
 .ARM.attributes
                0x00000000000006d4       0x34 c:/st/stm32cubeide_1.8.0/stm32cubeide/plugins/com.st.stm32cube.ide.mcu.externaltools.gnu-tools-for-stm32.9-2020-q2-update.win32_2.0.0.202105311346/tools/bin/../lib/gcc/arm-none-eabi/9.3.1/../../../../arm-none-eabi/lib/thumb/v7e-m+fp/hard\libc_nano.a(lib_a-nano-vfprintf_i.o)
 .ARM.attributes